../Core/Src/main.cpp:104:5:int main()	32	static
../Core/Src/main.cpp:236:6:void SystemClock_Config()	72	static
../Core/Src/main.cpp:276:13:void MX_TIM1_Init()	32	static
../Core/Src/main.cpp:322:13:void MX_USART1_UART_Init()	8	static
../Core/Src/main.cpp:355:13:void MX_USART2_UART_Init()	8	static
../Core/Src/main.cpp:388:13:void MX_USART3_UART_Init()	8	static
../Core/Src/main.cpp:419:13:void MX_DMA_Init()	16	static
../Core/Src/main.cpp:449:13:void MX_GPIO_Init()	40	static
../Core/Src/main.cpp:483:6:void Error_Handler()	4	static,ignoring_inline_asm
../Core/Src/main.cpp:492:1:void __static_initialization_and_destruction_0(int, int)	32	static
../Core/Src/main.cpp:492:1:cpp)	8	static
