../Core/Src/main.cpp:94:5:int main()	16	static
../Core/Src/main.cpp:261:6:void SystemClock_Config()	72	static
../Core/Src/main.cpp:298:13:void MX_TIM1_Init()	96	static
../Core/Src/main.cpp:377:13:void MX_TIM3_Init()	64	static
../Core/Src/main.cpp:436:13:void MX_USART1_UART_Init()	8	static
../Core/Src/main.cpp:469:13:void MX_USART3_UART_Init()	8	static
../Core/Src/main.cpp:502:13:void MX_GPIO_Init()	40	static
../Core/Src/main.cpp:545:6:void Error_Handler()	4	static,ignoring_inline_asm
../Core/Src/main.cpp:554:1:void __static_initialization_and_destruction_0(int, int)	24	static
../Core/Src/main.cpp:554:1:cpp)	8	static
