../Core/Src/main.cpp:101:5:int main()	8	static
../Core/Src/main.cpp:174:6:void SystemClock_Config()	72	static
../Core/Src/main.cpp:214:13:void MX_TIM1_Init()	56	static
../Core/Src/main.cpp:264:13:void MX_TIM3_Init()	56	static
../Core/Src/main.cpp:313:13:void MX_USART2_UART_Init()	8	static
../Core/Src/main.cpp:346:13:void MX_GPIO_Init()	16	static
../Core/Src/main.cpp:367:6:void Error_Handler()	4	static,ignoring_inline_asm
../Core/Src/main.cpp:376:1:void __static_initialization_and_destruction_0(int, int)	24	static
../Core/Src/main.cpp:376:1:cpp)	8	static
