../Core/Src/main.cpp:92:5:int main()	8	static
../Core/Src/main.cpp:180:6:void SystemClock_Config()	88	static
../Core/Src/main.cpp:235:13:void MX_TIM1_Init()	56	static
../Core/Src/main.cpp:285:13:void MX_TIM2_Init()	32	static
../Core/Src/main.cpp:330:13:void MX_TIM3_Init()	56	static
../Core/Src/main.cpp:379:13:void MX_UART4_Init()	8	static
../Core/Src/main.cpp:412:13:void MX_USART3_UART_Init()	8	static
../Core/Src/main.cpp:445:13:void MX_USART6_UART_Init()	8	static
../Core/Src/main.cpp:476:13:void MX_DMA_Init()	16	static
../Core/Src/main.cpp:498:13:void MX_GPIO_Init()	24	static
../Core/Src/main.cpp:526:6:void motor_run_function(void*)	16	static
../Core/Src/main.cpp:549:6:void Error_Handler()	4	static,ignoring_inline_asm
../Core/Src/main.cpp:558:1:void __static_initialization_and_destruction_0(int, int)	16	static
../Core/Src/main.cpp:558:1:cpp)	8	static
