../Core/Inc/BNO085.h:34:13:float Sensors::IMU::getYaw()	16	static
../Core/Inc/Encoder.h:13:7:Encoder::Encoder()	16	static
../Core/Src/main.cpp:98:5:int main()	8	static
../Core/Src/main.cpp:176:6:void SystemClock_Config()	88	static
../Core/Src/main.cpp:218:13:void MX_TIM1_Init()	56	static
../Core/Src/main.cpp:268:13:void MX_TIM3_Init()	56	static
../Core/Src/main.cpp:317:13:void MX_UART4_Init()	8	static
../Core/Src/main.cpp:350:13:void MX_USART6_UART_Init()	8	static
../Core/Src/main.cpp:381:13:void MX_DMA_Init()	16	static
../Core/Src/main.cpp:399:13:void MX_GPIO_Init()	40	static
../Core/Src/main.cpp:432:6:void Error_Handler()	4	static,ignoring_inline_asm
../Core/Src/main.cpp:441:1:void __static_initialization_and_destruction_0(int, int)	16	static
../Core/Src/main.cpp:441:1:cpp)	8	static
