../Core/Src/main.cpp:118:6:void readSensors()	8	static
../Core/Src/main.cpp:126:6:void Motor_control()	8	static
../Core/Src/main.cpp:155:5:int main()	8	static
../Core/Src/main.cpp:275:6:void SystemClock_Config()	72	static
../Core/Src/main.cpp:311:13:void MX_TIM1_Init()	96	static
../Core/Src/main.cpp:387:13:void MX_TIM2_Init()	56	static
../Core/Src/main.cpp:434:13:void MX_GPIO_Init()	40	static
../Core/Src/main.cpp:482:6:void Error_Handler()	4	static,ignoring_inline_asm
../Core/Src/main.cpp:490:1:void __static_initialization_and_destruction_0(int, int)	24	static
../Core/Src/main.cpp:490:1:cpp)	8	static
