../Core/Src/main.cpp:87:5:int main()	8	static
../Core/Src/main.cpp:147:6:void SystemClock_Config()	72	static
../Core/Src/main.cpp:184:13:void MX_TIM1_Init()	56	static
../Core/Src/main.cpp:234:13:void MX_TIM3_Init()	56	static
../Core/Src/main.cpp:283:13:void MX_USART2_UART_Init()	8	static
../Core/Src/main.cpp:316:13:void MX_GPIO_Init()	16	static
../Core/Src/main.cpp:337:6:void Error_Handler()	4	static,ignoring_inline_asm
../Core/Src/main.cpp:346:1:void __static_initialization_and_destruction_0(int, int)	40	static
../Core/Src/main.cpp:346:1:cpp)	8	static
