C:\ST\STM32CubeIDE_1.16.1\STM32CubeIDE\plugins\com.st.stm32cube.ide.mcu.externaltools.gnu-tools-for-stm32.12.3.rel1.win32_1.0.200.202406191623\tools\bin/../lib/gcc/arm-none-eabi/12.3.1/../../../../arm-none-eabi/include/c++/12.3.1/bits/std_abs.h:75:3:constexpr float std::abs(float)	16	static
C:\ST\STM32CubeIDE_1.16.1\STM32CubeIDE\plugins\com.st.stm32cube.ide.mcu.externaltools.gnu-tools-for-stm32.12.3.rel1.win32_1.0.200.202406191623\tools\bin/../lib/gcc/arm-none-eabi/12.3.1/../../../../arm-none-eabi/include/c++/12.3.1/cmath:184:3:constexpr float std::cos(float)	16	static
C:\ST\STM32CubeIDE_1.16.1\STM32CubeIDE\plugins\com.st.stm32cube.ide.mcu.externaltools.gnu-tools-for-stm32.12.3.rel1.win32_1.0.200.202406191623\tools\bin/../lib/gcc/arm-none-eabi/12.3.1/../../../../arm-none-eabi/include/c++/12.3.1/cmath:425:3:constexpr float std::sin(float)	16	static
../Core/Src/main.cpp:152:6:void byte_to_bools(unsigned char, bool*)	24	static
../Core/Src/main.cpp:164:5:int main()	48	static
../Core/Src/main.cpp:354:6:void SystemClock_Config()	72	static
../Core/Src/main.cpp:394:13:void MX_TIM2_Init()	56	static
../Core/Src/main.cpp:443:13:void MX_TIM3_Init()	56	static
../Core/Src/main.cpp:492:13:void MX_USART1_UART_Init()	8	static
../Core/Src/main.cpp:525:13:void MX_USART2_UART_Init()	8	static
../Core/Src/main.cpp:558:13:void MX_USART3_UART_Init()	8	static
../Core/Src/main.cpp:589:13:void MX_DMA_Init()	16	static
../Core/Src/main.cpp:607:13:void MX_GPIO_Init()	40	static
../Core/Src/main.cpp:641:6:void Error_Handler()	4	static,ignoring_inline_asm
../Core/Src/main.cpp:650:1:void __static_initialization_and_destruction_0(int, int)	32	static
../Core/Src/main.cpp:650:1:cpp)	8	static
