Archive member included to satisfy reference by file (symbol)

C:/ST/STM32CubeIDE_1.16.1/STM32CubeIDE/plugins/com.st.stm32cube.ide.mcu.externaltools.gnu-tools-for-stm32.12.3.rel1.win32_1.0.200.202406191623/tools/bin/../lib/gcc/arm-none-eabi/12.3.1/../../../../arm-none-eabi/lib/thumb/v7e-m+fp/hard\libm.a(libm_a-sf_cos.o)
                              ./Core/Src/odometry.o (cosf)
C:/ST/STM32CubeIDE_1.16.1/STM32CubeIDE/plugins/com.st.stm32cube.ide.mcu.externaltools.gnu-tools-for-stm32.12.3.rel1.win32_1.0.200.202406191623/tools/bin/../lib/gcc/arm-none-eabi/12.3.1/../../../../arm-none-eabi/lib/thumb/v7e-m+fp/hard\libm.a(libm_a-sf_sin.o)
                              ./Core/Src/odometry.o (sinf)
C:/ST/STM32CubeIDE_1.16.1/STM32CubeIDE/plugins/com.st.stm32cube.ide.mcu.externaltools.gnu-tools-for-stm32.12.3.rel1.win32_1.0.200.202406191623/tools/bin/../lib/gcc/arm-none-eabi/12.3.1/../../../../arm-none-eabi/lib/thumb/v7e-m+fp/hard\libm.a(libm_a-kf_cos.o)
                              C:/ST/STM32CubeIDE_1.16.1/STM32CubeIDE/plugins/com.st.stm32cube.ide.mcu.externaltools.gnu-tools-for-stm32.12.3.rel1.win32_1.0.200.202406191623/tools/bin/../lib/gcc/arm-none-eabi/12.3.1/../../../../arm-none-eabi/lib/thumb/v7e-m+fp/hard\libm.a(libm_a-sf_cos.o) (__kernel_cosf)
C:/ST/STM32CubeIDE_1.16.1/STM32CubeIDE/plugins/com.st.stm32cube.ide.mcu.externaltools.gnu-tools-for-stm32.12.3.rel1.win32_1.0.200.202406191623/tools/bin/../lib/gcc/arm-none-eabi/12.3.1/../../../../arm-none-eabi/lib/thumb/v7e-m+fp/hard\libm.a(libm_a-kf_sin.o)
                              C:/ST/STM32CubeIDE_1.16.1/STM32CubeIDE/plugins/com.st.stm32cube.ide.mcu.externaltools.gnu-tools-for-stm32.12.3.rel1.win32_1.0.200.202406191623/tools/bin/../lib/gcc/arm-none-eabi/12.3.1/../../../../arm-none-eabi/lib/thumb/v7e-m+fp/hard\libm.a(libm_a-sf_cos.o) (__kernel_sinf)
C:/ST/STM32CubeIDE_1.16.1/STM32CubeIDE/plugins/com.st.stm32cube.ide.mcu.externaltools.gnu-tools-for-stm32.12.3.rel1.win32_1.0.200.202406191623/tools/bin/../lib/gcc/arm-none-eabi/12.3.1/../../../../arm-none-eabi/lib/thumb/v7e-m+fp/hard\libm.a(libm_a-ef_rem_pio2.o)
                              C:/ST/STM32CubeIDE_1.16.1/STM32CubeIDE/plugins/com.st.stm32cube.ide.mcu.externaltools.gnu-tools-for-stm32.12.3.rel1.win32_1.0.200.202406191623/tools/bin/../lib/gcc/arm-none-eabi/12.3.1/../../../../arm-none-eabi/lib/thumb/v7e-m+fp/hard\libm.a(libm_a-sf_cos.o) (__ieee754_rem_pio2f)
C:/ST/STM32CubeIDE_1.16.1/STM32CubeIDE/plugins/com.st.stm32cube.ide.mcu.externaltools.gnu-tools-for-stm32.12.3.rel1.win32_1.0.200.202406191623/tools/bin/../lib/gcc/arm-none-eabi/12.3.1/../../../../arm-none-eabi/lib/thumb/v7e-m+fp/hard\libm.a(libm_a-sf_fabs.o)
                              C:/ST/STM32CubeIDE_1.16.1/STM32CubeIDE/plugins/com.st.stm32cube.ide.mcu.externaltools.gnu-tools-for-stm32.12.3.rel1.win32_1.0.200.202406191623/tools/bin/../lib/gcc/arm-none-eabi/12.3.1/../../../../arm-none-eabi/lib/thumb/v7e-m+fp/hard\libm.a(libm_a-ef_rem_pio2.o) (fabsf)
C:/ST/STM32CubeIDE_1.16.1/STM32CubeIDE/plugins/com.st.stm32cube.ide.mcu.externaltools.gnu-tools-for-stm32.12.3.rel1.win32_1.0.200.202406191623/tools/bin/../lib/gcc/arm-none-eabi/12.3.1/../../../../arm-none-eabi/lib/thumb/v7e-m+fp/hard\libm.a(libm_a-kf_rem_pio2.o)
                              C:/ST/STM32CubeIDE_1.16.1/STM32CubeIDE/plugins/com.st.stm32cube.ide.mcu.externaltools.gnu-tools-for-stm32.12.3.rel1.win32_1.0.200.202406191623/tools/bin/../lib/gcc/arm-none-eabi/12.3.1/../../../../arm-none-eabi/lib/thumb/v7e-m+fp/hard\libm.a(libm_a-ef_rem_pio2.o) (__kernel_rem_pio2f)
C:/ST/STM32CubeIDE_1.16.1/STM32CubeIDE/plugins/com.st.stm32cube.ide.mcu.externaltools.gnu-tools-for-stm32.12.3.rel1.win32_1.0.200.202406191623/tools/bin/../lib/gcc/arm-none-eabi/12.3.1/../../../../arm-none-eabi/lib/thumb/v7e-m+fp/hard\libm.a(libm_a-sf_scalbn.o)
                              C:/ST/STM32CubeIDE_1.16.1/STM32CubeIDE/plugins/com.st.stm32cube.ide.mcu.externaltools.gnu-tools-for-stm32.12.3.rel1.win32_1.0.200.202406191623/tools/bin/../lib/gcc/arm-none-eabi/12.3.1/../../../../arm-none-eabi/lib/thumb/v7e-m+fp/hard\libm.a(libm_a-kf_rem_pio2.o) (scalbnf)
C:/ST/STM32CubeIDE_1.16.1/STM32CubeIDE/plugins/com.st.stm32cube.ide.mcu.externaltools.gnu-tools-for-stm32.12.3.rel1.win32_1.0.200.202406191623/tools/bin/../lib/gcc/arm-none-eabi/12.3.1/../../../../arm-none-eabi/lib/thumb/v7e-m+fp/hard\libm.a(libm_a-sf_floor.o)
                              C:/ST/STM32CubeIDE_1.16.1/STM32CubeIDE/plugins/com.st.stm32cube.ide.mcu.externaltools.gnu-tools-for-stm32.12.3.rel1.win32_1.0.200.202406191623/tools/bin/../lib/gcc/arm-none-eabi/12.3.1/../../../../arm-none-eabi/lib/thumb/v7e-m+fp/hard\libm.a(libm_a-kf_rem_pio2.o) (floorf)
C:/ST/STM32CubeIDE_1.16.1/STM32CubeIDE/plugins/com.st.stm32cube.ide.mcu.externaltools.gnu-tools-for-stm32.12.3.rel1.win32_1.0.200.202406191623/tools/bin/../lib/gcc/arm-none-eabi/12.3.1/../../../../arm-none-eabi/lib/thumb/v7e-m+fp/hard\libc_nano.a(libc_a-exit.o)
[...]
Memory Configuration

Name             Origin             Length             Attributes
RAM              0x20000000         0x00020000         xrw
FLASH            0x08000000         0x00080000         xr
*default*        0x00000000         0xffffffff

Linker script and memory map

LOAD C:/ST/STM32CubeIDE_1.16.1/STM32CubeIDE/plugins/com.st.stm32cube.ide.mcu.externaltools.gnu-tools-for-stm32.12.3.rel1.win32_1.0.200.202406191623/tools/bin/../lib/gcc/arm-none-eabi/12.3.1/thumb/v7e-m+fp/hard/crti.o
LOAD C:/ST/STM32CubeIDE_1.16.1/STM32CubeIDE/plugins/com.st.stm32cube.ide.mcu.externaltools.gnu-tools-for-stm32.12.3.rel1.win32_1.0.200.202406191623/tools/bin/../lib/gcc/arm-none-eabi/12.3.1/thumb/v7e-m+fp/hard/crtbegin.o
LOAD C:/ST/STM32CubeIDE_1.16.1/STM32CubeIDE/plugins/com.st.stm32cube.ide.mcu.externaltools.gnu-tools-for-stm32.12.3.rel1.win32_1.0.200.202406191623/tools/bin/../lib/gcc/arm-none-eabi/12.3.1/../../../../arm-none-eabi/lib/thumb/v7e-m+fp/hard/crt0.o
LOAD ./Core/Src/BNO085.o
LOAD ./Core/Src/Encoder.o
LOAD ./Core/Src/GY_25.o
LOAD ./Core/Src/main.o
LOAD ./Core/Src/odometry.o
LOAD ./Core/Src/stm32f4xx_hal_msp.o
LOAD ./Core/Src/stm32f4xx_it.o
LOAD ./Core/Src/syscalls.o
LOAD ./Core/Src/sysmem.o
LOAD ./Core/Src/system_stm32f4xx.o
LOAD ./Core/Startup/startup_stm32f446retx.o
LOAD ./Drivers/STM32F4xx_HAL_Driver/Src/stm32f4xx_hal.o
LOAD ./Drivers/STM32F4xx_HAL_Driver/Src/stm32f4xx_hal_cortex.o
LOAD ./Drivers/STM32F4xx_HAL_Driver/Src/stm32f4xx_hal_dma.o
LOAD ./Drivers/STM32F4xx_HAL_Driver/Src/stm32f4xx_hal_dma_ex.o
LOAD ./Drivers/STM32F4xx_HAL_Driver/Src/stm32f4xx_hal_exti.o
LOAD ./Drivers/STM32F4xx_HAL_Driver/Src/stm32f4xx_hal_flash.o
LOAD ./Drivers/STM32F4xx_HAL_Driver/Src/stm32f4xx_hal_flash_ex.o
LOAD ./Drivers/STM32F4xx_HAL_Driver/Src/stm32f4xx_hal_flash_ramfunc.o
LOAD ./Drivers/STM32F4xx_HAL_Driver/Src/stm32f4xx_hal_gpio.o
LOAD ./Drivers/STM32F4xx_HAL_Driver/Src/stm32f4xx_hal_pwr.o
LOAD ./Drivers/STM32F4xx_HAL_Driver/Src/stm32f4xx_hal_pwr_ex.o
LOAD ./Drivers/STM32F4xx_HAL_Driver/Src/stm32f4xx_hal_rcc.o
LOAD ./Drivers/STM32F4xx_HAL_Driver/Src/stm32f4xx_hal_rcc_ex.o
LOAD ./Drivers/STM32F4xx_HAL_Driver/Src/stm32f4xx_hal_tim.o
LOAD ./Drivers/STM32F4xx_HAL_Driver/Src/stm32f4xx_hal_tim_ex.o
LOAD ./Drivers/STM32F4xx_HAL_Driver/Src/stm32f4xx_hal_uart.o
START GROUP
LOAD C:/ST/STM32CubeIDE_1.16.1/STM32CubeIDE/plugins/com.st.stm32cube.ide.mcu.externaltools.gnu-tools-for-stm32.12.3.rel1.win32_1.0.200.202406191623/tools/bin/../lib/gcc/arm-none-eabi/12.3.1/../../../../arm-none-eabi/lib/thumb/v7e-m+fp/hard\libstdc++_nano.a
LOAD C:/ST/STM32CubeIDE_1.16.1/STM32CubeIDE/plugins/com.st.stm32cube.ide.mcu.externaltools.gnu-tools-for-stm32.12.3.rel1.win32_1.0.200.202406191623/tools/bin/../lib/gcc/arm-none-eabi/12.3.1/../../../../arm-none-eabi/lib/thumb/v7e-m+fp/hard\libsupc++_nano.a
END GROUP
LOAD C:/ST/STM32CubeIDE_1.16.1/STM32CubeIDE/plugins/com.st.stm32cube.ide.mcu.externaltools.gnu-tools-for-stm32.12.3.rel1.win32_1.0.200.202406191623/tools/bin/../lib/gcc/arm-none-eabi/12.3.1/../../../../arm-none-eabi/lib/thumb/v7e-m+fp/hard\libstdc++_nano.a
LOAD C:/ST/STM32CubeIDE_1.16.1/STM32CubeIDE/plugins/com.st.stm32cube.ide.mcu.externaltools.gnu-tools-for-stm32.12.3.rel1.win32_1.0.200.202406191623/tools/bin/../lib/gcc/arm-none-eabi/12.3.1/../../../../arm-none-eabi/lib/thumb/v7e-m+fp/hard\libm.a
LOAD C:/ST/STM32CubeIDE_1.16.1/STM32CubeIDE/plugins/com.st.stm32cube.ide.mcu.externaltools.gnu-tools-for-stm32.12.3.rel1.win32_1.0.200.202406191623/tools/bin/../lib/gcc/arm-none-eabi/12.3.1/../../../../arm-none-eabi/lib/thumb/v7e-m+fp/hard\libc_nano.a
START GROUP
LOAD C:/ST/STM32CubeIDE_1.16.1/STM32CubeIDE/plugins/com.st.stm32cube.ide.mcu.externaltools.gnu-tools-for-stm32.12.3.rel1.win32_1.0.200.202406191623/tools/bin/../lib/gcc/arm-none-eabi/12.3.1/thumb/v7e-m+fp/hard\libgcc.a
LOAD C:/ST/STM32CubeIDE_1.16.1/STM32CubeIDE/plugins/com.st.stm32cube.ide.mcu.externaltools.gnu-tools-for-stm32.12.3.rel1.win32_1.0.200.202406191623/tools/bin/../lib/gcc/arm-none-eabi/12.3.1/../../../../arm-none-eabi/lib/thumb/v7e-m+fp/hard\libc_nano.a
END GROUP
START GROUP
LOAD C:/ST/STM32CubeIDE_1.16.1/STM32CubeIDE/plugins/com.st.stm32cube.ide.mcu.externaltools.gnu-tools-for-stm32.12.3.rel1.win32_1.0.200.202406191623/tools/bin/../lib/gcc/arm-none-eabi/12.3.1/thumb/v7e-m+fp/hard\libgcc.a
LOAD C:/ST/STM32CubeIDE_1.16.1/STM32CubeIDE/plugins/com.st.stm32cube.ide.mcu.externaltools.gnu-tools-for-stm32.12.3.rel1.win32_1.0.200.202406191623/tools/bin/../lib/gcc/arm-none-eabi/12.3.1/../../../../arm-none-eabi/lib/thumb/v7e-m+fp/hard\libc_nano.a
LOAD C:/ST/STM32CubeIDE_1.16.1/STM32CubeIDE/plugins/com.st.stm32cube.ide.mcu.externaltools.gnu-tools-for-stm32.12.3.rel1.win32_1.0.200.202406191623/tools/bin/../lib/gcc/arm-none-eabi/12.3.1/../../../../arm-none-eabi/lib/thumb/v7e-m+fp/hard\libnosys.a
END GROUP
START GROUP
LOAD C:/ST/STM32CubeIDE_1.16.1/STM32CubeIDE/plugins/com.st.stm32cube.ide.mcu.externaltools.gnu-tools-for-stm32.12.3.rel1.win32_1.0.200.202406191623/tools/bin/../lib/gcc/arm-none-eabi/12.3.1/thumb/v7e-m+fp/hard\libgcc.a
LOAD C:/ST/STM32CubeIDE_1.16.1/STM32CubeIDE/plugins/com.st.stm32cube.ide.mcu.externaltools.gnu-tools-for-stm32.12.3.rel1.win32_1.0.200.202406191623/tools/bin/../lib/gcc/arm-none-eabi/12.3.1/../../../../arm-none-eabi/lib/thumb/v7e-m+fp/hard\libc_nano.a
LOAD C:/ST/STM32CubeIDE_1.16.1/STM32CubeIDE/plugins/com.st.stm32cube.ide.mcu.externaltools.gnu-tools-for-stm32.12.3.rel1.win32_1.0.200.202406191623/tools/bin/../lib/gcc/arm-none-eabi/12.3.1/../../../../arm-none-eabi/lib/thumb/v7e-m+fp/hard\libnosys.a
END GROUP
LOAD C:/ST/STM32CubeIDE_1.16.1/STM32CubeIDE/plugins/com.st.stm32cube.ide.mcu.externaltools.gnu-tools-for-stm32.12.3.rel1.win32_1.0.200.202406191623/tools/bin/../lib/gcc/arm-none-eabi/12.3.1/thumb/v7e-m+fp/hard/crtend.o
LOAD C:/ST/STM32CubeIDE_1.16.1/STM32CubeIDE/plugins/com.st.stm32cube.ide.mcu.externaltools.gnu-tools-for-stm32.12.3.rel1.win32_1.0.200.202406191623/tools/bin/../lib/gcc/arm-none-eabi/12.3.1/thumb/v7e-m+fp/hard/crtn.o
                0x20020000                        _estack = (ORIGIN (RAM) + LENGTH (RAM))
                0x00000200                        _Min_Heap_Size = 0x200
                0x00000400                        _Min_Stack_Size = 0x400

.isr_vector     0x08000000      0x1c4
                0x08000000                        . = ALIGN (0x4)
 *(.isr_vector)
 .isr_vector    0x08000000      0x1c4 ./Core/Startup/startup_stm32f446retx.o
                0x08000000                g_pfnVectors
                0x080001c4                        . = ALIGN (0x4)

.text           0x080001c8     0x4efc
                0x080001c8                        . = ALIGN (0x4)
 *(.text)
 .text          0x080001c8       0x40 C:/ST/STM32CubeIDE_1.16.1/STM32CubeIDE/plugins/com.st.stm32cube.ide.mcu.externaltools.gnu-tools-for-stm32.12.3.rel1.win32_1.0.200.202406191623/tools/bin/../lib/gcc/arm-none-eabi/12.3.1/thumb/v7e-m+fp/hard/crtbegin.o
 .text          0x08000208      0x378 C:/ST/STM32CubeIDE_1.16.1/STM32CubeIDE/plugins/com.st.stm32cube.ide.mcu.externaltools.gnu-tools-for-stm32.12.3.rel1.win32_1.0.200.202406191623/tools/bin/../lib/gcc/arm-none-eabi/12.3.1/thumb/v7e-m+fp/hard\libgcc.a(_arm_addsubdf3.o)
                0x08000208                __aeabi_drsub
                0x08000210                __aeabi_dsub
                0x08000210                __subdf3
                0x08000214                __aeabi_dadd
                0x08000214                __adddf3
                0x0800048c                __floatunsidf
                0x0800048c                __aeabi_ui2d
                0x080004ac                __floatsidf
                0x080004ac                __aeabi_i2d
                0x080004d0                __aeabi_f2d
                0x080004d0                __extendsfdf2
                0x08000514                __floatundidf
                0x08000514                __aeabi_ul2d
                0x08000524                __floatdidf
                0x08000524                __aeabi_l2d
 .text          0x08000580      0x424 C:/ST/STM32CubeIDE_1.16.1/STM32CubeIDE/plugins/com.st.stm32cube.ide.mcu.externaltools.gnu-tools-for-stm32.12.3.rel1.win32_1.0.200.202406191623/tools/bin/../lib/gcc/arm-none-eabi/12.3.1/thumb/v7e-m+fp/hard\libgcc.a(_arm_muldivdf3.o)
                0x08000580                __aeabi_dmul
                0x08000580                __muldf3
                0x080007d4                __divdf3
                0x080007d4                __aeabi_ddiv
 .text          0x080009a4       0xa0 C:/ST/STM32CubeIDE_1.16.1/STM32CubeIDE/plugins/com.st.stm32cube.ide.mcu.externaltools.gnu-tools-for-stm32.12.3.rel1.win32_1.0.200.202406191623/tools/bin/../lib/gcc/arm-none-eabi/12.3.1/thumb/v7e-m+fp/hard\libgcc.a(_arm_truncdfsf2.o)
                0x080009a4                __truncdfsf2
                0x080009a4                __aeabi_d2f
 .text          0x08000a44      0x21c C:/ST/STM32CubeIDE_1.16.1/STM32CubeIDE/plugins/com.st.stm32cube.ide.mcu.externaltools.gnu-tools-for-stm32.12.3.rel1.win32_1.0.200.202406191623/tools/bin/../lib/gcc/arm-none-eabi/12.3.1/thumb/v7e-m+fp/hard\libgcc.a(_arm_addsubsf3.o)
                0x08000a44                __aeabi_frsub
                0x08000a4c                __subsf3
                0x08000a4c                __aeabi_fsub
                0x08000a50                __aeabi_fadd
                0x08000a50                __addsf3
                0x08000bb0                __aeabi_ui2f
                0x08000bb0                __floatunsisf
                0x08000bb8                __aeabi_i2f
                0x08000bb8                __floatsisf
                0x08000bd4                __aeabi_ul2f
                0x08000bd4                __floatundisf
                0x08000be4                __aeabi_l2f
                0x08000be4                __floatdisf
 .text          0x08000c60       0x30 C:/ST/STM32CubeIDE_1.16.1/STM32CubeIDE/plugins/com.st.stm32cube.ide.mcu.externaltools.gnu-tools-for-stm32.12.3.rel1.win32_1.0.200.202406191623/tools/bin/../lib/gcc/arm-none-eabi/12.3.1/thumb/v7e-m+fp/hard\libgcc.a(_aeabi_uldivmod.o)
                0x08000c60                __aeabi_uldivmod
 .text          0x08000c90      0x2bc C:/ST/STM32CubeIDE_1.16.1/STM32CubeIDE/plugins/com.st.stm32cube.ide.mcu.externaltools.gnu-tools-for-stm32.12.3.rel1.win32_1.0.200.202406191623/tools/bin/../lib/gcc/arm-none-eabi/12.3.1/thumb/v7e-m+fp/hard\libgcc.a(_udivmoddi4.o)
                0x08000c90                __udivmoddi4
 .text          0x08000f4c        0x4 C:/ST/STM32CubeIDE_1.16.1/STM32CubeIDE/plugins/com.st.stm32cube.ide.mcu.externaltools.gnu-tools-for-stm32.12.3.rel1.win32_1.0.200.202406191623/tools/bin/../lib/gcc/arm-none-eabi/12.3.1/thumb/v7e-m+fp/hard\libgcc.a(_dvmd_tls.o)
                0x08000f4c                __aeabi_idiv0
                0x08000f4c                __aeabi_ldiv0
 *(.text*)
 .text._ZN7Sensors3IMUC2EP20__UART_HandleTypeDef
                0x08000f50       0x1e ./Core/Src/BNO085.o
                0x08000f50                Sensors::IMU::IMU(__UART_HandleTypeDef*)
                0x08000f50                Sensors::IMU::IMU(__UART_HandleTypeDef*)
 *fill*         0x08000f6e        0x2 
 .text._ZN7Sensors3IMU6updateEv
                0x08000f70      0x198 ./Core/Src/BNO085.o
                0x08000f70                Sensors::IMU::update()
 .text._ZN7Encoder12encoder_InitEP17TIM_HandleTypeDefm
                0x08001108       0x1c ./Core/Src/Encoder.o
                0x08001108                Encoder::encoder_Init(TIM_HandleTypeDef*, unsigned long)
 .text._ZN7Encoder14encoder_updateEP17TIM_HandleTypeDefm
                0x08001124       0x7e ./Core/Src/Encoder.o
                0x08001124                Encoder::encoder_update(TIM_HandleTypeDef*, unsigned long)
 .text._ZN7Encoder12encoder_readEv
                0x080011a2       0x42 ./Core/Src/Encoder.o
                0x080011a2                Encoder::encoder_read()
 .text._ZN7Sensors3IMU6getYawEv
                0x080011e4       0x1e ./Core/Src/main.o
                0x080011e4                Sensors::IMU::getYaw()
 .text._ZN7EncoderC2Ev
                0x08001202       0x30 ./Core/Src/main.o
                0x08001202                Encoder::Encoder()
                0x08001202                Encoder::Encoder()
 *fill*         0x08001232        0x2 
 .text.main     0x08001234      0x170 ./Core/Src/main.o
                0x08001234                main
 .text._Z18SystemClock_Configv
                0x080013a4       0xd4 ./Core/Src/main.o
                0x080013a4                SystemClock_Config()
 .text._ZL12MX_TIM1_Initv
                0x08001478       0xc4 ./Core/Src/main.o
 .text._ZL12MX_TIM3_Initv
                0x0800153c       0xbc ./Core/Src/main.o
 .text._ZL13MX_UART4_Initv
                0x080015f8       0x5c ./Core/Src/main.o
 .text._ZL19MX_USART6_UART_Initv
                0x08001654       0x5c ./Core/Src/main.o
 .text._ZL11MX_DMA_Initv
                0x080016b0       0x40 ./Core/Src/main.o
 .text._ZL12MX_GPIO_Initv
                0x080016f0       0xa0 ./Core/Src/main.o
 .text.Error_Handler
                0x08001790        0xc ./Core/Src/main.o
                0x08001790                Error_Handler
 .text._Z41__static_initialization_and_destruction_0ii
                0x0800179c       0x5c ./Core/Src/main.o
 .text._GLOBAL__sub_I_htim1
                0x080017f8       0x10 ./Core/Src/main.o
 .text._ZSt3absf
                0x08001808       0x20 ./Core/Src/odometry.o
                0x08001808                std::abs(float)
 .text._ZSt3cosf
                0x08001828       0x20 ./Core/Src/odometry.o
                0x08001828                std::cos(float)
 .text._ZSt3sinf
                0x08001848       0x20 ./Core/Src/odometry.o
                0x08001848                std::sin(float)
 .text._ZN12Localization8OdometryC2EP7EncoderS2_f
                0x08001868      0x15c ./Core/Src/odometry.o
                0x08001868                Localization::Odometry::Odometry(Encoder*, Encoder*, float)
                0x08001868                Localization::Odometry::Odometry(Encoder*, Encoder*, float)
 .text._ZN12Localization8Odometry11set_offsetsEff
                0x080019c4       0x28 ./Core/Src/odometry.o
                0x080019c4                Localization::Odometry::set_offsets(float, float)
 *fill*         0x080019ec        0x4 
 .text._ZN12Localization8Odometry12get_positionEf
                0x080019f0      0x234 ./Core/Src/odometry.o
                0x080019f0                Localization::Odometry::get_position(float)
 .text.HAL_MspInit
                0x08001c24       0x50 ./Core/Src/stm32f4xx_hal_msp.o
                0x08001c24                HAL_MspInit
 .text.HAL_TIM_Encoder_MspInit
                0x08001c74       0xf8 ./Core/Src/stm32f4xx_hal_msp.o
                0x08001c74                HAL_TIM_Encoder_MspInit
 .text.HAL_UART_MspInit
                0x08001d6c      0x160 ./Core/Src/stm32f4xx_hal_msp.o
                0x08001d6c                HAL_UART_MspInit
 .text.NMI_Handler
                0x08001ecc        0x8 ./Core/Src/stm32f4xx_it.o
                0x08001ecc                NMI_Handler
 .text.HardFault_Handler
                0x08001ed4        0x8 ./Core/Src/stm32f4xx_it.o
                0x08001ed4                HardFault_Handler
 .text.MemManage_Handler
                0x08001edc        0x8 ./Core/Src/stm32f4xx_it.o
                0x08001edc                MemManage_Handler
 .text.BusFault_Handler
                0x08001ee4        0x8 ./Core/Src/stm32f4xx_it.o
                0x08001ee4                BusFault_Handler
 .text.UsageFault_Handler
                0x08001eec        0x8 ./Core/Src/stm32f4xx_it.o
                0x08001eec                UsageFault_Handler
 .text.SVC_Handler
                0x08001ef4        0xe ./Core/Src/stm32f4xx_it.o
                0x08001ef4                SVC_Handler
 .text.DebugMon_Handler
                0x08001f02        0xe ./Core/Src/stm32f4xx_it.o
                0x08001f02                DebugMon_Handler
 .text.PendSV_Handler
                0x08001f10        0xe ./Core/Src/stm32f4xx_it.o
                0x08001f10                PendSV_Handler
 .text.SysTick_Handler
                0x08001f1e        0xc ./Core/Src/stm32f4xx_it.o
                0x08001f1e                SysTick_Handler
 *fill*         0x08001f2a        0x2 
 .text.DMA2_Stream1_IRQHandler
                0x08001f2c       0x14 ./Core/Src/stm32f4xx_it.o
                0x08001f2c                DMA2_Stream1_IRQHandler
 .text.SystemInit
                0x08001f40       0x24 ./Core/Src/system_stm32f4xx.o
                0x08001f40                SystemInit
 .text.Reset_Handler
                0x08001f64       0x50 ./Core/Startup/startup_stm32f446retx.o
                0x08001f64                Reset_Handler
 .text.Default_Handler
                0x08001fb4        0x2 ./Core/Startup/startup_stm32f446retx.o
                0x08001fb4                RTC_Alarm_IRQHandler
                0x08001fb4                EXTI2_IRQHandler
                0x08001fb4                TIM8_CC_IRQHandler
                0x08001fb4                FMPI2C1_EV_IRQHandler
                0x08001fb4                SPI4_IRQHandler
                0x08001fb4                TIM1_CC_IRQHandler
                0x08001fb4                DMA2_Stream5_IRQHandler
                0x08001fb4                DMA1_Stream5_IRQHandler
                0x08001fb4                PVD_IRQHandler
                0x08001fb4                SDIO_IRQHandler
                0x08001fb4                TAMP_STAMP_IRQHandler
                0x08001fb4                CAN2_RX1_IRQHandler
                0x08001fb4                EXTI3_IRQHandler
                0x08001fb4                TIM8_TRG_COM_TIM14_IRQHandler
                0x08001fb4                TIM1_UP_TIM10_IRQHandler
                0x08001fb4                TIM8_UP_TIM13_IRQHandler
                0x08001fb4                I2C3_ER_IRQHandler
                0x08001fb4                EXTI0_IRQHandler
                0x08001fb4                I2C2_EV_IRQHandler
                0x08001fb4                DMA1_Stream2_IRQHandler
                0x08001fb4                CAN1_RX0_IRQHandler
                0x08001fb4                FPU_IRQHandler
                0x08001fb4                OTG_HS_WKUP_IRQHandler
                0x08001fb4                CAN2_SCE_IRQHandler
                0x08001fb4                DMA2_Stream2_IRQHandler
                0x08001fb4                SPI1_IRQHandler
                0x08001fb4                TIM6_DAC_IRQHandler
                0x08001fb4                TIM1_BRK_TIM9_IRQHandler
                0x08001fb4                DCMI_IRQHandler
                0x08001fb4                CAN2_RX0_IRQHandler
                0x08001fb4                DMA2_Stream3_IRQHandler
                0x08001fb4                SAI2_IRQHandler
                0x08001fb4                USART6_IRQHandler
                0x08001fb4                USART3_IRQHandler
                0x08001fb4                CAN1_RX1_IRQHandler
                0x08001fb4                UART5_IRQHandler
                0x08001fb4                DMA2_Stream0_IRQHandler
                0x08001fb4                TIM4_IRQHandler
                0x08001fb4                QUADSPI_IRQHandler
                0x08001fb4                I2C1_EV_IRQHandler
                0x08001fb4                DMA1_Stream6_IRQHandler
                0x08001fb4                DMA1_Stream1_IRQHandler
                0x08001fb4                UART4_IRQHandler
                0x08001fb4                TIM3_IRQHandler
                0x08001fb4                RCC_IRQHandler
                0x08001fb4                TIM8_BRK_TIM12_IRQHandler
                0x08001fb4                Default_Handler
                0x08001fb4                CEC_IRQHandler
                0x08001fb4                EXTI15_10_IRQHandler
                0x08001fb4                ADC_IRQHandler
                0x08001fb4                DMA1_Stream7_IRQHandler
                0x08001fb4                TIM7_IRQHandler
                0x08001fb4                CAN2_TX_IRQHandler
                0x08001fb4                TIM5_IRQHandler
                0x08001fb4                DMA2_Stream7_IRQHandler
                0x08001fb4                I2C3_EV_IRQHandler
                0x08001fb4                EXTI9_5_IRQHandler
                0x08001fb4                RTC_WKUP_IRQHandler
                0x08001fb4                SPDIF_RX_IRQHandler
                0x08001fb4                SPI2_IRQHandler
                0x08001fb4                OTG_HS_EP1_IN_IRQHandler
                0x08001fb4                DMA1_Stream0_IRQHandler
                0x08001fb4                CAN1_TX_IRQHandler
                0x08001fb4                FMPI2C1_ER_IRQHandler
                0x08001fb4                EXTI4_IRQHandler
                0x08001fb4                OTG_HS_EP1_OUT_IRQHandler
                0x08001fb4                WWDG_IRQHandler
                0x08001fb4                TIM2_IRQHandler
                0x08001fb4                OTG_FS_WKUP_IRQHandler
                0x08001fb4                TIM1_TRG_COM_TIM11_IRQHandler
                0x08001fb4                OTG_HS_IRQHandler
                0x08001fb4                EXTI1_IRQHandler
                0x08001fb4                USART2_IRQHandler
                0x08001fb4                I2C2_ER_IRQHandler
                0x08001fb4                CAN1_SCE_IRQHandler
                0x08001fb4                FLASH_IRQHandler
                0x08001fb4                DMA2_Stream4_IRQHandler
                0x08001fb4                USART1_IRQHandler
                0x08001fb4                OTG_FS_IRQHandler
                0x08001fb4                SPI3_IRQHandler
                0x08001fb4                DMA1_Stream4_IRQHandler
                0x08001fb4                I2C1_ER_IRQHandler
                0x08001fb4                FMC_IRQHandler
                0x08001fb4                DMA2_Stream6_IRQHandler
                0x08001fb4                SAI1_IRQHandler
                0x08001fb4                DMA1_Stream3_IRQHandler
 *fill*         0x08001fb6        0x2 
 .text.HAL_Init
                0x08001fb8       0x44 ./Drivers/STM32F4xx_HAL_Driver/Src/stm32f4xx_hal.o
                0x08001fb8                HAL_Init
 .text.HAL_InitTick
                0x08001ffc       0x60 ./Drivers/STM32F4xx_HAL_Driver/Src/stm32f4xx_hal.o
                0x08001ffc                HAL_InitTick
 .text.HAL_IncTick
                0x0800205c       0x28 ./Drivers/STM32F4xx_HAL_Driver/Src/stm32f4xx_hal.o
                0x0800205c                HAL_IncTick
 .text.HAL_GetTick
                0x08002084       0x18 ./Drivers/STM32F4xx_HAL_Driver/Src/stm32f4xx_hal.o
                0x08002084                HAL_GetTick
 .text.__NVIC_SetPriorityGrouping
                0x0800209c       0x48 ./Drivers/STM32F4xx_HAL_Driver/Src/stm32f4xx_hal_cortex.o
 .text.__NVIC_GetPriorityGrouping
                0x080020e4       0x1c ./Drivers/STM32F4xx_HAL_Driver/Src/stm32f4xx_hal_cortex.o
 .text.__NVIC_EnableIRQ
                0x08002100       0x3c ./Drivers/STM32F4xx_HAL_Driver/Src/stm32f4xx_hal_cortex.o
 .text.__NVIC_SetPriority
                0x0800213c       0x54 ./Drivers/STM32F4xx_HAL_Driver/Src/stm32f4xx_hal_cortex.o
 .text.NVIC_EncodePriority
                0x08002190       0x66 ./Drivers/STM32F4xx_HAL_Driver/Src/stm32f4xx_hal_cortex.o
 *fill*         0x080021f6        0x2 
 .text.SysTick_Config
                0x080021f8       0x44 ./Drivers/STM32F4xx_HAL_Driver/Src/stm32f4xx_hal_cortex.o
 .text.HAL_NVIC_SetPriorityGrouping
                0x0800223c       0x16 ./Drivers/STM32F4xx_HAL_Driver/Src/stm32f4xx_hal_cortex.o
                0x0800223c                HAL_NVIC_SetPriorityGrouping
 .text.HAL_NVIC_SetPriority
                0x08002252       0x38 ./Drivers/STM32F4xx_HAL_Driver/Src/stm32f4xx_hal_cortex.o
                0x08002252                HAL_NVIC_SetPriority
 .text.HAL_NVIC_EnableIRQ
                0x0800228a       0x1c ./Drivers/STM32F4xx_HAL_Driver/Src/stm32f4xx_hal_cortex.o
                0x0800228a                HAL_NVIC_EnableIRQ
 .text.HAL_SYSTICK_Config
                0x080022a6       0x18 ./Drivers/STM32F4xx_HAL_Driver/Src/stm32f4xx_hal_cortex.o
                0x080022a6                HAL_SYSTICK_Config
 *fill*         0x080022be        0x2 
 .text.HAL_DMA_Init
                0x080022c0      0x15c ./Drivers/STM32F4xx_HAL_Driver/Src/stm32f4xx_hal_dma.o
                0x080022c0                HAL_DMA_Init
 .text.HAL_DMA_IRQHandler
                0x0800241c      0x314 ./Drivers/STM32F4xx_HAL_Driver/Src/stm32f4xx_hal_dma.o
                0x0800241c                HAL_DMA_IRQHandler
 .text.DMA_CalcBaseAndBitshift
                0x08002730       0x6c ./Drivers/STM32F4xx_HAL_Driver/Src/stm32f4xx_hal_dma.o
 .text.DMA_CheckFifoParam
                0x0800279c       0xf8 ./Drivers/STM32F4xx_HAL_Driver/Src/stm32f4xx_hal_dma.o
 .text.HAL_GPIO_Init
                0x08002894      0x328 ./Drivers/STM32F4xx_HAL_Driver/Src/stm32f4xx_hal_gpio.o
                0x08002894                HAL_GPIO_Init
 .text.HAL_GPIO_WritePin
                0x08002bbc       0x32 ./Drivers/STM32F4xx_HAL_Driver/Src/stm32f4xx_hal_gpio.o
                0x08002bbc                HAL_GPIO_WritePin
 *fill*         0x08002bee        0x2 
 .text.HAL_RCC_ClockConfig
                0x08002bf0      0x1cc ./Drivers/STM32F4xx_HAL_Driver/Src/stm32f4xx_hal_rcc.o
                0x08002bf0                HAL_RCC_ClockConfig
 .text.HAL_RCC_GetHCLKFreq
                0x08002dbc       0x18 ./Drivers/STM32F4xx_HAL_Driver/Src/stm32f4xx_hal_rcc.o
                0x08002dbc                HAL_RCC_GetHCLKFreq
 .text.HAL_RCC_GetPCLK1Freq
                0x08002dd4       0x28 ./Drivers/STM32F4xx_HAL_Driver/Src/stm32f4xx_hal_rcc.o
                0x08002dd4                HAL_RCC_GetPCLK1Freq
 .text.HAL_RCC_GetPCLK2Freq
                0x08002dfc       0x28 ./Drivers/STM32F4xx_HAL_Driver/Src/stm32f4xx_hal_rcc.o
                0x08002dfc                HAL_RCC_GetPCLK2Freq
 .text.HAL_RCC_GetSysClockFreq
                0x08002e24      0x354 ./Drivers/STM32F4xx_HAL_Driver/Src/stm32f4xx_hal_rcc_ex.o
                0x08002e24                HAL_RCC_GetSysClockFreq
 .text.HAL_RCC_OscConfig
                0x08003178      0x53c ./Drivers/STM32F4xx_HAL_Driver/Src/stm32f4xx_hal_rcc_ex.o
                0x08003178                HAL_RCC_OscConfig
 .text.HAL_TIM_Encoder_Init
                0x080036b4      0x14c ./Drivers/STM32F4xx_HAL_Driver/Src/stm32f4xx_hal_tim.o
                0x080036b4                HAL_TIM_Encoder_Init
 .text.HAL_TIM_Encoder_Start_IT
                0x08003800      0x15c ./Drivers/STM32F4xx_HAL_Driver/Src/stm32f4xx_hal_tim.o
                0x08003800                HAL_TIM_Encoder_Start_IT
 .text.TIM_Base_SetConfig
                0x0800395c      0x158 ./Drivers/STM32F4xx_HAL_Driver/Src/stm32f4xx_hal_tim.o
                0x0800395c                TIM_Base_SetConfig
 .text.TIM_CCxChannelCmd
                0x08003ab4       0x4a ./Drivers/STM32F4xx_HAL_Driver/Src/stm32f4xx_hal_tim.o
                0x08003ab4                TIM_CCxChannelCmd
 *fill*         0x08003afe        0x2 
 .text.HAL_TIMEx_MasterConfigSynchronization
                0x08003b00       0xf8 ./Drivers/STM32F4xx_HAL_Driver/Src/stm32f4xx_hal_tim_ex.o
                0x08003b00                HAL_TIMEx_MasterConfigSynchronization
 .text.HAL_UART_Init
                0x08003bf8       0xa0 ./Drivers/STM32F4xx_HAL_Driver/Src/stm32f4xx_hal_uart.o
                0x08003bf8                HAL_UART_Init
 .text.HAL_UART_Transmit
                0x08003c98      0x116 ./Drivers/STM32F4xx_HAL_Driver/Src/stm32f4xx_hal_uart.o
                0x08003c98                HAL_UART_Transmit
 .text.HAL_UART_Receive
                0x08003dae      0x12e ./Drivers/STM32F4xx_HAL_Driver/Src/stm32f4xx_hal_uart.o
                0x08003dae                HAL_UART_Receive
 .text.UART_WaitOnFlagUntilTimeout
                0x08003edc       0xb2 ./Drivers/STM32F4xx_HAL_Driver/Src/stm32f4xx_hal_uart.o
 .text.UART_EndRxTransfer
                0x08003f8e       0xc6 ./Drivers/STM32F4xx_HAL_Driver/Src/stm32f4xx_hal_uart.o
 .text.UART_SetConfig
                0x08004054      0x4e8 ./Drivers/STM32F4xx_HAL_Driver/Src/stm32f4xx_hal_uart.o
 .text.cosf     0x0800453c       0x88 C:/ST/STM32CubeIDE_1.16.1/STM32CubeIDE/plugins/com.st.stm32cube.ide.mcu.externaltools.gnu-tools-for-stm32.12.3.rel1.win32_1.0.200.202406191623/tools/bin/../lib/gcc/arm-none-eabi/12.3.1/../../../../arm-none-eabi/lib/thumb/v7e-m+fp/hard\libm.a(libm_a-sf_cos.o)
                0x0800453c                cosf
 .text.sinf     0x080045c4       0x8c C:/ST/STM32CubeIDE_1.16.1/STM32CubeIDE/plugins/com.st.stm32cube.ide.mcu.externaltools.gnu-tools-for-stm32.12.3.rel1.win32_1.0.200.202406191623/tools/bin/../lib/gcc/arm-none-eabi/12.3.1/../../../../arm-none-eabi/lib/thumb/v7e-m+fp/hard\libm.a(libm_a-sf_sin.o)
                0x080045c4                sinf
 .text.__kernel_cosf
                0x08004650       0xb0 C:/ST/STM32CubeIDE_1.16.1/STM32CubeIDE/plugins/com.st.stm32cube.ide.mcu.externaltools.gnu-tools-for-stm32.12.3.rel1.win32_1.0.200.202406191623/tools/bin/../lib/gcc/arm-none-eabi/12.3.1/../../../../arm-none-eabi/lib/thumb/v7e-m+fp/hard\libm.a(libm_a-kf_cos.o)
                0x08004650                __kernel_cosf
 .text.__kernel_sinf
                0x08004700       0x90 C:/ST/STM32CubeIDE_1.16.1/STM32CubeIDE/plugins/com.st.stm32cube.ide.mcu.externaltools.gnu-tools-for-stm32.12.3.rel1.win32_1.0.200.202406191623/tools/bin/../lib/gcc/arm-none-eabi/12.3.1/../../../../arm-none-eabi/lib/thumb/v7e-m+fp/hard\libm.a(libm_a-kf_sin.o)
                0x08004700                __kernel_sinf
 .text.__ieee754_rem_pio2f
                0x08004790      0x260 C:/ST/STM32CubeIDE_1.16.1/STM32CubeIDE/plugins/com.st.stm32cube.ide.mcu.externaltools.gnu-tools-for-stm32.12.3.rel1.win32_1.0.200.202406191623/tools/bin/../lib/gcc/arm-none-eabi/12.3.1/../../../../arm-none-eabi/lib/thumb/v7e-m+fp/hard\libm.a(libm_a-ef_rem_pio2.o)
                0x08004790                __ieee754_rem_pio2f
 .text.fabsf    0x080049f0        0xe C:/ST/STM32CubeIDE_1.16.1/STM32CubeIDE/plugins/com.st.stm32cube.ide.mcu.externaltools.gnu-tools-for-stm32.12.3.rel1.win32_1.0.200.202406191623/tools/bin/../lib/gcc/arm-none-eabi/12.3.1/../../../../arm-none-eabi/lib/thumb/v7e-m+fp/hard\libm.a(libm_a-sf_fabs.o)
                0x080049f0                fabsf
 *fill*         0x080049fe        0x2 
 .text.__kernel_rem_pio2f
                0x08004a00      0x4e4 C:/ST/STM32CubeIDE_1.16.1/STM32CubeIDE/plugins/com.st.stm32cube.ide.mcu.externaltools.gnu-tools-for-stm32.12.3.rel1.win32_1.0.200.202406191623/tools/bin/../lib/gcc/arm-none-eabi/12.3.1/../../../../arm-none-eabi/lib/thumb/v7e-m+fp/hard\libm.a(libm_a-kf_rem_pio2.o)
                0x08004a00                __kernel_rem_pio2f
 .text.scalbnf  0x08004ee4       0xcc C:/ST/STM32CubeIDE_1.16.1/STM32CubeIDE/plugins/com.st.stm32cube.ide.mcu.externaltools.gnu-tools-for-stm32.12.3.rel1.win32_1.0.200.202406191623/tools/bin/../lib/gcc/arm-none-eabi/12.3.1/../../../../arm-none-eabi/lib/thumb/v7e-m+fp/hard\libm.a(libm_a-sf_scalbn.o)
                0x08004ee4                scalbnf
 .text.floorf   0x08004fb0       0x88 C:/ST/STM32CubeIDE_1.16.1/STM32CubeIDE/plugins/com.st.stm32cube.ide.mcu.externaltools.gnu-tools-for-stm32.12.3.rel1.win32_1.0.200.202406191623/tools/bin/../lib/gcc/arm-none-eabi/12.3.1/../../../../arm-none-eabi/lib/thumb/v7e-m+fp/hard\libm.a(libm_a-sf_floor.o)
                0x08004fb0                floorf
 .text.memset   0x08005038       0x10 C:/ST/STM32CubeIDE_1.16.1/STM32CubeIDE/plugins/com.st.stm32cube.ide.mcu.externaltools.gnu-tools-for-stm32.12.3.rel1.win32_1.0.200.202406191623/tools/bin/../lib/gcc/arm-none-eabi/12.3.1/../../../../arm-none-eabi/lib/thumb/v7e-m+fp/hard\libc_nano.a(libc_a-memset.o)
                0x08005038                memset
 .text.__libc_init_array
                0x08005048       0x48 C:/ST/STM32CubeIDE_1.16.1/STM32CubeIDE/plugins/com.st.stm32cube.ide.mcu.externaltools.gnu-tools-for-stm32.12.3.rel1.win32_1.0.200.202406191623/tools/bin/../lib/gcc/arm-none-eabi/12.3.1/../../../../arm-none-eabi/lib/thumb/v7e-m+fp/hard\libc_nano.a(libc_a-init.o)
                0x08005048                __libc_init_array
 .text.memcpy   0x08005090       0x1c C:/ST/STM32CubeIDE_1.16.1/STM32CubeIDE/plugins/com.st.stm32cube.ide.mcu.externaltools.gnu-tools-for-stm32.12.3.rel1.win32_1.0.200.202406191623/tools/bin/../lib/gcc/arm-none-eabi/12.3.1/../../../../arm-none-eabi/lib/thumb/v7e-m+fp/hard\libc_nano.a(libc_a-memcpy-stub.o)
                0x08005090                memcpy
 *(.glue_7)
 .glue_7        0x080050ac        0x0 linker stubs
 *(.glue_7t)
 .glue_7t       0x080050ac        0x0 linker stubs
 *(.eh_frame)
 .eh_frame      0x080050ac        0x0 C:/ST/STM32CubeIDE_1.16.1/STM32CubeIDE/plugins/com.st.stm32cube.ide.mcu.externaltools.gnu-tools-for-stm32.12.3.rel1.win32_1.0.200.202406191623/tools/bin/../lib/gcc/arm-none-eabi/12.3.1/thumb/v7e-m+fp/hard/crtbegin.o
 *(.init)
 .init          0x080050ac        0x4 C:/ST/STM32CubeIDE_1.16.1/STM32CubeIDE/plugins/com.st.stm32cube.ide.mcu.externaltools.gnu-tools-for-stm32.12.3.rel1.win32_1.0.200.202406191623/tools/bin/../lib/gcc/arm-none-eabi/12.3.1/thumb/v7e-m+fp/hard/crti.o
                0x080050ac                _init
 .init          0x080050b0        0x8 C:/ST/STM32CubeIDE_1.16.1/STM32CubeIDE/plugins/com.st.stm32cube.ide.mcu.externaltools.gnu-tools-for-stm32.12.3.rel1.win32_1.0.200.202406191623/tools/bin/../lib/gcc/arm-none-eabi/12.3.1/thumb/v7e-m+fp/hard/crtn.o
 *(.fini)
 .fini          0x080050b8        0x4 C:/ST/STM32CubeIDE_1.16.1/STM32CubeIDE/plugins/com.st.stm32cube.ide.mcu.externaltools.gnu-tools-for-stm32.12.3.rel1.win32_1.0.200.202406191623/tools/bin/../lib/gcc/arm-none-eabi/12.3.1/thumb/v7e-m+fp/hard/crti.o
                0x080050b8                _fini
 .fini          0x080050bc        0x8 C:/ST/STM32CubeIDE_1.16.1/STM32CubeIDE/plugins/com.st.stm32cube.ide.mcu.externaltools.gnu-tools-for-stm32.12.3.rel1.win32_1.0.200.202406191623/tools/bin/../lib/gcc/arm-none-eabi/12.3.1/thumb/v7e-m+fp/hard/crtn.o
                0x080050c4                        . = ALIGN (0x4)
                0x080050c4                        _etext = .

.vfp11_veneer   0x080050c4        0x0
 .vfp11_veneer  0x080050c4        0x0 linker stubs

.v4_bx          0x080050c4        0x0
 .v4_bx         0x080050c4        0x0 linker stubs

.iplt           0x080050c4        0x0
 .iplt          0x080050c4        0x0 C:/ST/STM32CubeIDE_1.16.1/STM32CubeIDE/plugins/com.st.stm32cube.ide.mcu.externaltools.gnu-tools-for-stm32.12.3.rel1.win32_1.0.200.202406191623/tools/bin/../lib/gcc/arm-none-eabi/12.3.1/thumb/v7e-m+fp/hard/crtbegin.o

.rodata         0x080050c4      0x3f0
                0x080050c4                        . = ALIGN (0x4)
 *(.rodata)
 *(.rodata*)
 .rodata.AHBPrescTable
                0x080050c4       0x10 ./Core/Src/system_stm32f4xx.o
                0x080050c4                AHBPrescTable
 .rodata.APBPrescTable
                0x080050d4        0x8 ./Core/Src/system_stm32f4xx.o
                0x080050d4                APBPrescTable
 .rodata.flagBitshiftOffset.0
                0x080050dc        0x8 ./Drivers/STM32F4xx_HAL_Driver/Src/stm32f4xx_hal_dma.o
 .rodata.npio2_hw
                0x080050e4       0x80 C:/ST/STM32CubeIDE_1.16.1/STM32CubeIDE/plugins/com.st.stm32cube.ide.mcu.externaltools.gnu-tools-for-stm32.12.3.rel1.win32_1.0.200.202406191623/tools/bin/../lib/gcc/arm-none-eabi/12.3.1/../../../../arm-none-eabi/lib/thumb/v7e-m+fp/hard\libm.a(libm_a-ef_rem_pio2.o)
 .rodata.two_over_pi
                0x08005164      0x318 C:/ST/STM32CubeIDE_1.16.1/STM32CubeIDE/plugins/com.st.stm32cube.ide.mcu.externaltools.gnu-tools-for-stm32.12.3.rel1.win32_1.0.200.202406191623/tools/bin/../lib/gcc/arm-none-eabi/12.3.1/../../../../arm-none-eabi/lib/thumb/v7e-m+fp/hard\libm.a(libm_a-ef_rem_pio2.o)
 .rodata.PIo2   0x0800547c       0x2c C:/ST/STM32CubeIDE_1.16.1/STM32CubeIDE/plugins/com.st.stm32cube.ide.mcu.externaltools.gnu-tools-for-stm32.12.3.rel1.win32_1.0.200.202406191623/tools/bin/../lib/gcc/arm-none-eabi/12.3.1/../../../../arm-none-eabi/lib/thumb/v7e-m+fp/hard\libm.a(libm_a-kf_rem_pio2.o)
 .rodata.init_jk
                0x080054a8        0xc C:/ST/STM32CubeIDE_1.16.1/STM32CubeIDE/plugins/com.st.stm32cube.ide.mcu.externaltools.gnu-tools-for-stm32.12.3.rel1.win32_1.0.200.202406191623/tools/bin/../lib/gcc/arm-none-eabi/12.3.1/../../../../arm-none-eabi/lib/thumb/v7e-m+fp/hard\libm.a(libm_a-kf_rem_pio2.o)
                0x080054b4                        . = ALIGN (0x4)

.ARM.extab      0x080054b4        0x0
                0x080054b4                        . = ALIGN (0x4)
 *(.ARM.extab* .gnu.linkonce.armextab.*)
                0x080054b4                        . = ALIGN (0x4)

.ARM            0x080054b4        0x8
                0x080054b4                        . = ALIGN (0x4)
                0x080054b4                        __exidx_start = .
 *(.ARM.exidx*)
 .ARM.exidx     0x080054b4        0x8 C:/ST/STM32CubeIDE_1.16.1/STM32CubeIDE/plugins/com.st.stm32cube.ide.mcu.externaltools.gnu-tools-for-stm32.12.3.rel1.win32_1.0.200.202406191623/tools/bin/../lib/gcc/arm-none-eabi/12.3.1/thumb/v7e-m+fp/hard\libgcc.a(_udivmoddi4.o)
                0x080054bc                        __exidx_end = .
                0x080054bc                        . = ALIGN (0x4)

.preinit_array  0x080054bc        0x0
                0x080054bc                        . = ALIGN (0x4)
                0x080054bc                        PROVIDE (__preinit_array_start = .)
 *(.preinit_array*)
                0x080054bc                        PROVIDE (__preinit_array_end = .)
                0x080054bc                        . = ALIGN (0x4)

.init_array     0x080054bc        0x8
                0x080054bc                        . = ALIGN (0x4)
                0x080054bc                        PROVIDE (__init_array_start = .)
 *(SORT_BY_NAME(.init_array.*))
 *(.init_array*)
 .init_array    0x080054bc        0x4 C:/ST/STM32CubeIDE_1.16.1/STM32CubeIDE/plugins/com.st.stm32cube.ide.mcu.externaltools.gnu-tools-for-stm32.12.3.rel1.win32_1.0.200.202406191623/tools/bin/../lib/gcc/arm-none-eabi/12.3.1/thumb/v7e-m+fp/hard/crtbegin.o
 .init_array    0x080054c0        0x4 ./Core/Src/main.o
                0x080054c4                        PROVIDE (__init_array_end = .)
                0x080054c4                        . = ALIGN (0x4)

.fini_array     0x080054c4        0x4
                0x080054c4                        . = ALIGN (0x4)
                [!provide]                        PROVIDE (__fini_array_start = .)
 *(SORT_BY_NAME(.fini_array.*))
 *(.fini_array*)
 .fini_array    0x080054c4        0x4 C:/ST/STM32CubeIDE_1.16.1/STM32CubeIDE/plugins/com.st.stm32cube.ide.mcu.externaltools.gnu-tools-for-stm32.12.3.rel1.win32_1.0.200.202406191623/tools/bin/../lib/gcc/arm-none-eabi/12.3.1/thumb/v7e-m+fp/hard/crtbegin.o
                [!provide]                        PROVIDE (__fini_array_end = .)
                0x080054c8                        . = ALIGN (0x4)
                0x080054c8                        _sidata = LOADADDR (.data)

.rel.dyn        0x080054c8        0x0
 .rel.iplt      0x080054c8        0x0 C:/ST/STM32CubeIDE_1.16.1/STM32CubeIDE/plugins/com.st.stm32cube.ide.mcu.externaltools.gnu-tools-for-stm32.12.3.rel1.win32_1.0.200.202406191623/tools/bin/../lib/gcc/arm-none-eabi/12.3.1/thumb/v7e-m+fp/hard/crtbegin.o

.data           0x20000000       0x1c load address 0x080054c8
                0x20000000                        . = ALIGN (0x4)
                0x20000000                        _sdata = .
 *(.data)
 *(.data*)
 .data.data     0x20000000        0xe ./Core/Src/main.o
                0x20000000                data
 *fill*         0x2000000e        0x2 
 .data.SystemCoreClock
                0x20000010        0x4 ./Core/Src/system_stm32f4xx.o
                0x20000010                SystemCoreClock
 .data.uwTickPrio
                0x20000014        0x4 ./Drivers/STM32F4xx_HAL_Driver/Src/stm32f4xx_hal.o
                0x20000014                uwTickPrio
 .data.uwTickFreq
                0x20000018        0x1 ./Drivers/STM32F4xx_HAL_Driver/Src/stm32f4xx_hal.o
                0x20000018                uwTickFreq
 *(.RamFunc)
 *(.RamFunc*)
                0x2000001c                        . = ALIGN (0x4)
 *fill*         0x20000019        0x3 
                0x2000001c                        _edata = .

.igot.plt       0x2000001c        0x0 load address 0x080054e4
 .igot.plt      0x2000001c        0x0 C:/ST/STM32CubeIDE_1.16.1/STM32CubeIDE/plugins/com.st.stm32cube.ide.mcu.externaltools.gnu-tools-for-stm32.12.3.rel1.win32_1.0.200.202406191623/tools/bin/../lib/gcc/arm-none-eabi/12.3.1/thumb/v7e-m+fp/hard/crtbegin.o
                0x2000001c                        . = ALIGN (0x4)

.bss            0x20000020      0x27c load address 0x080054e4
                0x20000020                        _sbss = .
                0x20000020                        __bss_start__ = _sbss
 *(.bss)
 .bss           0x20000020       0x1c C:/ST/STM32CubeIDE_1.16.1/STM32CubeIDE/plugins/com.st.stm32cube.ide.mcu.externaltools.gnu-tools-for-stm32.12.3.rel1.win32_1.0.200.202406191623/tools/bin/../lib/gcc/arm-none-eabi/12.3.1/thumb/v7e-m+fp/hard/crtbegin.o
 *(.bss*)
 .bss.htim1     0x2000003c       0x48 ./Core/Src/main.o
                0x2000003c                htim1
 .bss.htim3     0x20000084       0x48 ./Core/Src/main.o
                0x20000084                htim3
 .bss.huart4    0x200000cc       0x48 ./Core/Src/main.o
                0x200000cc                huart4
 .bss.huart6    0x20000114       0x48 ./Core/Src/main.o
                0x20000114                huart6
 .bss.hdma_usart6_rx
                0x2000015c       0x60 ./Core/Src/main.o
                0x2000015c                hdma_usart6_rx
 *fill*         0x200001bc        0x4 
 .bss.encoder_x
                0x200001c0       0x10 ./Core/Src/main.o
                0x200001c0                encoder_x
 .bss.encoder_y
                0x200001d0       0x10 ./Core/Src/main.o
                0x200001d0                encoder_y
 .bss.imu       0x200001e0       0x24 ./Core/Src/main.o
                0x200001e0                imu
 .bss.raw_data  0x20000204        0xc ./Core/Src/main.o
                0x20000204                raw_data
 .bss.odom      0x20000210       0x64 ./Core/Src/main.o
                0x20000210                odom
 .bss.current_position
                0x20000274        0xc ./Core/Src/main.o
                0x20000274                current_position
 .bss.x_position
                0x20000280        0x4 ./Core/Src/main.o
                0x20000280                x_position
 .bss.y_position
                0x20000284        0x4 ./Core/Src/main.o
                0x20000284                y_position
 .bss.z         0x20000288        0x4 ./Core/Src/main.o
                0x20000288                z
 .bss.yaw       0x2000028c        0x4 ./Core/Src/main.o
                0x2000028c                yaw
 .bss.en1       0x20000290        0x4 ./Core/Src/main.o
                0x20000290                en1
 .bss.en2       0x20000294        0x4 ./Core/Src/main.o
                0x20000294                en2
 .bss.uwTick    0x20000298        0x4 ./Drivers/STM32F4xx_HAL_Driver/Src/stm32f4xx_hal.o
                0x20000298                uwTick
 *(COMMON)
                0x2000029c                        . = ALIGN (0x4)
                0x2000029c                        _ebss = .
                0x2000029c                        __bss_end__ = _ebss

._user_heap_stack
                0x2000029c      0x604 load address 0x080054e4
                0x200002a0                        . = ALIGN (0x8)
 *fill*         0x2000029c        0x4 
                [!provide]                        PROVIDE (end = .)
                0x200002a0                        PROVIDE (_end = .)
                0x200004a0                        . = (. + _Min_Heap_Size)
 *fill*         0x200002a0      0x200 
                0x200008a0                        . = (. + _Min_Stack_Size)
 *fill*         0x200004a0      0x400 
                0x200008a0                        . = ALIGN (0x8)

/DISCARD/
 libc.a(*)
 libm.a(*)
 libgcc.a(*)

.ARM.attributes
                0x00000000       0x30
 *(.ARM.attributes)
 .ARM.attributes
                0x00000000       0x22 C:/ST/STM32CubeIDE_1.16.1/STM32CubeIDE/plugins/com.st.stm32cube.ide.mcu.externaltools.gnu-tools-for-stm32.12.3.rel1.win32_1.0.200.202406191623/tools/bin/../lib/gcc/arm-none-eabi/12.3.1/thumb/v7e-m+fp/hard/crti.o
 .ARM.attributes
                0x00000022       0x34 C:/ST/STM32CubeIDE_1.16.1/STM32CubeIDE/plugins/com.st.stm32cube.ide.mcu.externaltools.gnu-tools-for-stm32.12.3.rel1.win32_1.0.200.202406191623/tools/bin/../lib/gcc/arm-none-eabi/12.3.1/thumb/v7e-m+fp/hard/crtbegin.o
 .ARM.attributes
                0x00000056       0x34 ./Core/Src/BNO085.o
 .ARM.attributes
                0x0000008a       0x34 ./Core/Src/Encoder.o
 .ARM.attributes
                0x000000be       0x34 ./Core/Src/main.o
 .ARM.attributes
                0x000000f2       0x34 ./Core/Src/odometry.o
 .ARM.attributes
                0x00000126       0x34 ./Core/Src/stm32f4xx_hal_msp.o
 .ARM.attributes
                0x0000015a       0x34 ./Core/Src/stm32f4xx_it.o
 .ARM.attributes
                0x0000018e       0x34 ./Core/Src/system_stm32f4xx.o
 .ARM.attributes
                0x000001c2       0x21 ./Core/Startup/startup_stm32f446retx.o
 .ARM.attributes
                0x000001e3       0x34 ./Drivers/STM32F4xx_HAL_Driver/Src/stm32f4xx_hal.o
 .ARM.attributes
                0x00000217       0x34 ./Drivers/STM32F4xx_HAL_Driver/Src/stm32f4xx_hal_cortex.o
 .ARM.attributes
                0x0000024b       0x34 ./Drivers/STM32F4xx_HAL_Driver/Src/stm32f4xx_hal_dma.o
 .ARM.attributes
                0x0000027f       0x34 ./Drivers/STM32F4xx_HAL_Driver/Src/stm32f4xx_hal_gpio.o
 .ARM.attributes
                0x000002b3       0x34 ./Drivers/STM32F4xx_HAL_Driver/Src/stm32f4xx_hal_rcc.o
 .ARM.attributes
                0x000002e7       0x34 ./Drivers/STM32F4xx_HAL_Driver/Src/stm32f4xx_hal_rcc_ex.o
 .ARM.attributes
                0x0000031b       0x34 ./Drivers/STM32F4xx_HAL_Driver/Src/stm32f4xx_hal_tim.o
 .ARM.attributes
                0x0000034f       0x34 ./Drivers/STM32F4xx_HAL_Driver/Src/stm32f4xx_hal_tim_ex.o
 .ARM.attributes
                0x00000383       0x34 ./Drivers/STM32F4xx_HAL_Driver/Src/stm32f4xx_hal_uart.o
 .ARM.attributes
                0x000003b7       0x34 C:/ST/STM32CubeIDE_1.16.1/STM32CubeIDE/plugins/com.st.stm32cube.ide.mcu.externaltools.gnu-tools-for-stm32.12.3.rel1.win32_1.0.200.202406191623/tools/bin/../lib/gcc/arm-none-eabi/12.3.1/../../../../arm-none-eabi/lib/thumb/v7e-m+fp/hard\libm.a(libm_a-sf_cos.o)
 .ARM.attributes
                0x000003eb       0x34 C:/ST/STM32CubeIDE_1.16.1/STM32CubeIDE/plugins/com.st.stm32cube.ide.mcu.externaltools.gnu-tools-for-stm32.12.3.rel1.win32_1.0.200.202406191623/tools/bin/../lib/gcc/arm-none-eabi/12.3.1/../../../../arm-none-eabi/lib/thumb/v7e-m+fp/hard\libm.a(libm_a-sf_sin.o)
 .ARM.attributes
                0x0000041f       0x34 C:/ST/STM32CubeIDE_1.16.1/STM32CubeIDE/plugins/com.st.stm32cube.ide.mcu.externaltools.gnu-tools-for-stm32.12.3.rel1.win32_1.0.200.202406191623/tools/bin/../lib/gcc/arm-none-eabi/12.3.1/../../../../arm-none-eabi/lib/thumb/v7e-m+fp/hard\libm.a(libm_a-kf_cos.o)
 .ARM.attributes
                0x00000453       0x34 C:/ST/STM32CubeIDE_1.16.1/STM32CubeIDE/plugins/com.st.stm32cube.ide.mcu.externaltools.gnu-tools-for-stm32.12.3.rel1.win32_1.0.200.202406191623/tools/bin/../lib/gcc/arm-none-eabi/12.3.1/../../../../arm-none-eabi/lib/thumb/v7e-m+fp/hard\libm.a(libm_a-kf_sin.o)
 .ARM.attributes
                0x00000487       0x34 C:/ST/STM32CubeIDE_1.16.1/STM32CubeIDE/plugins/com.st.stm32cube.ide.mcu.externaltools.gnu-tools-for-stm32.12.3.rel1.win32_1.0.200.202406191623/tools/bin/../lib/gcc/arm-none-eabi/12.3.1/../../../../arm-none-eabi/lib/thumb/v7e-m+fp/hard\libm.a(libm_a-ef_rem_pio2.o)
 .ARM.attributes
                0x000004bb       0x34 C:/ST/STM32CubeIDE_1.16.1/STM32CubeIDE/plugins/com.st.stm32cube.ide.mcu.externaltools.gnu-tools-for-stm32.12.3.rel1.win32_1.0.200.202406191623/tools/bin/../lib/gcc/arm-none-eabi/12.3.1/../../../../arm-none-eabi/lib/thumb/v7e-m+fp/hard\libm.a(libm_a-sf_fabs.o)
 .ARM.attributes
                0x000004ef       0x34 C:/ST/STM32CubeIDE_1.16.1/STM32CubeIDE/plugins/com.st.stm32cube.ide.mcu.externaltools.gnu-tools-for-stm32.12.3.rel1.win32_1.0.200.202406191623/tools/bin/../lib/gcc/arm-none-eabi/12.3.1/../../../../arm-none-eabi/lib/thumb/v7e-m+fp/hard\libm.a(libm_a-kf_rem_pio2.o)
 .ARM.attributes
                0x00000523       0x34 C:/ST/STM32CubeIDE_1.16.1/STM32CubeIDE/plugins/com.st.stm32cube.ide.mcu.externaltools.gnu-tools-for-stm32.12.3.rel1.win32_1.0.200.202406191623/tools/bin/../lib/gcc/arm-none-eabi/12.3.1/../../../../arm-none-eabi/lib/thumb/v7e-m+fp/hard\libm.a(libm_a-sf_scalbn.o)
 .ARM.attributes
                0x00000557       0x34 C:/ST/STM32CubeIDE_1.16.1/STM32CubeIDE/plugins/com.st.stm32cube.ide.mcu.externaltools.gnu-tools-for-stm32.12.3.rel1.win32_1.0.200.202406191623/tools/bin/../lib/gcc/arm-none-eabi/12.3.1/../../../../arm-none-eabi/lib/thumb/v7e-m+fp/hard\libm.a(libm_a-sf_floor.o)
 .ARM.attributes
                0x0000058b       0x34 C:/ST/STM32CubeIDE_1.16.1/STM32CubeIDE/plugins/com.st.stm32cube.ide.mcu.externaltools.gnu-tools-for-stm32.12.3.rel1.win32_1.0.200.202406191623/tools/bin/../lib/gcc/arm-none-eabi/12.3.1/../../../../arm-none-eabi/lib/thumb/v7e-m+fp/hard\libc_nano.a(libc_a-memset.o)
 .ARM.attributes
                0x000005bf       0x34 C:/ST/STM32CubeIDE_1.16.1/STM32CubeIDE/plugins/com.st.stm32cube.ide.mcu.externaltools.gnu-tools-for-stm32.12.3.rel1.win32_1.0.200.202406191623/tools/bin/../lib/gcc/arm-none-eabi/12.3.1/../../../../arm-none-eabi/lib/thumb/v7e-m+fp/hard\libc_nano.a(libc_a-init.o)
 .ARM.attributes
                0x000005f3       0x34 C:/ST/STM32CubeIDE_1.16.1/STM32CubeIDE/plugins/com.st.stm32cube.ide.mcu.externaltools.gnu-tools-for-stm32.12.3.rel1.win32_1.0.200.202406191623/tools/bin/../lib/gcc/arm-none-eabi/12.3.1/../../../../arm-none-eabi/lib/thumb/v7e-m+fp/hard\libc_nano.a(libc_a-memcpy-stub.o)
 .ARM.attributes
                0x00000627       0x22 C:/ST/STM32CubeIDE_1.16.1/STM32CubeIDE/plugins/com.st.stm32cube.ide.mcu.externaltools.gnu-tools-for-stm32.12.3.rel1.win32_1.0.200.202406191623/tools/bin/../lib/gcc/arm-none-eabi/12.3.1/thumb/v7e-m+fp/hard\libgcc.a(_arm_addsubdf3.o)
 .ARM.attributes
                0x00000649       0x22 C:/ST/STM32CubeIDE_1.16.1/STM32CubeIDE/plugins/com.st.stm32cube.ide.mcu.externaltools.gnu-tools-for-stm32.12.3.rel1.win32_1.0.200.202406191623/tools/bin/../lib/gcc/arm-none-eabi/12.3.1/thumb/v7e-m+fp/hard\libgcc.a(_arm_muldivdf3.o)
 .ARM.attributes
                0x0000066b       0x22 C:/ST/STM32CubeIDE_1.16.1/STM32CubeIDE/plugins/com.st.stm32cube.ide.mcu.externaltools.gnu-tools-for-stm32.12.3.rel1.win32_1.0.200.202406191623/tools/bin/../lib/gcc/arm-none-eabi/12.3.1/thumb/v7e-m+fp/hard\libgcc.a(_arm_truncdfsf2.o)
 .ARM.attributes
                0x0000068d       0x22 C:/ST/STM32CubeIDE_1.16.1/STM32CubeIDE/plugins/com.st.stm32cube.ide.mcu.externaltools.gnu-tools-for-stm32.12.3.rel1.win32_1.0.200.202406191623/tools/bin/../lib/gcc/arm-none-eabi/12.3.1/thumb/v7e-m+fp/hard\libgcc.a(_arm_addsubsf3.o)
 .ARM.attributes
                0x000006af       0x22 C:/ST/STM32CubeIDE_1.16.1/STM32CubeIDE/plugins/com.st.stm32cube.ide.mcu.externaltools.gnu-tools-for-stm32.12.3.rel1.win32_1.0.200.202406191623/tools/bin/../lib/gcc/arm-none-eabi/12.3.1/thumb/v7e-m+fp/hard\libgcc.a(_aeabi_uldivmod.o)
 .ARM.attributes
                0x000006d1       0x34 C:/ST/STM32CubeIDE_1.16.1/STM32CubeIDE/plugins/com.st.stm32cube.ide.mcu.externaltools.gnu-tools-for-stm32.12.3.rel1.win32_1.0.200.202406191623/tools/bin/../lib/gcc/arm-none-eabi/12.3.1/thumb/v7e-m+fp/hard\libgcc.a(_udivmoddi4.o)
 .ARM.attributes
                0x00000705       0x22 C:/ST/STM32CubeIDE_1.16.1/STM32CubeIDE/plugins/com.st.stm32cube.ide.mcu.externaltools.gnu-tools-for-stm32.12.3.rel1.win32_1.0.200.202406191623/tools/bin/../lib/gcc/arm-none-eabi/12.3.1/thumb/v7e-m+fp/hard\libgcc.a(_dvmd_tls.o)
 .ARM.attributes
                0x00000727       0x22 C:/ST/STM32CubeIDE_1.16.1/STM32CubeIDE/plugins/com.st.stm32cube.ide.mcu.externaltools.gnu-tools-for-stm32.12.3.rel1.win32_1.0.200.202406191623/tools/bin/../lib/gcc/arm-none-eabi/12.3.1/thumb/v7e-m+fp/hard/crtn.o
OUTPUT(BLDC.elf elf32-littlearm)
LOAD linker stubs
LOAD C:/ST/STM32CubeIDE_1.16.1/STM32CubeIDE/plugins/com.st.stm32cube.ide.mcu.externaltools.gnu-tools-for-stm32.12.3.rel1.win32_1.0.200.202406191623/tools/bin/../lib/gcc/arm-none-eabi/12.3.1/../../../../arm-none-eabi/lib/thumb/v7e-m+fp/hard\libc.a
LOAD C:/ST/STM32CubeIDE_1.16.1/STM32CubeIDE/plugins/com.st.stm32cube.ide.mcu.externaltools.gnu-tools-for-stm32.12.3.rel1.win32_1.0.200.202406191623/tools/bin/../lib/gcc/arm-none-eabi/12.3.1/../../../../arm-none-eabi/lib/thumb/v7e-m+fp/hard\libm.a
LOAD C:/ST/STM32CubeIDE_1.16.1/STM32CubeIDE/plugins/com.st.stm32cube.ide.mcu.externaltools.gnu-tools-for-stm32.12.3.rel1.win32_1.0.200.202406191623/tools/bin/../lib/gcc/arm-none-eabi/12.3.1/thumb/v7e-m+fp/hard\libgcc.a

.debug_info     0x00000000    0x12a1c
 .debug_info    0x00000000      0x7d2 ./Core/Src/BNO085.o
 .debug_info    0x000007d2      0x835 ./Core/Src/Encoder.o
 .debug_info    0x00001007     0x3c20 ./Core/Src/main.o
 .debug_info    0x00004c27     0x1f99 ./Core/Src/odometry.o
 .debug_info    0x00006bc0      0xdfb ./Core/Src/stm32f4xx_hal_msp.o
 .debug_info    0x000079bb      0x3a9 ./Core/Src/stm32f4xx_it.o
 .debug_info    0x00007d64      0x54a ./Core/Src/system_stm32f4xx.o
 .debug_info    0x000082ae       0x30 ./Core/Startup/startup_stm32f446retx.o
 .debug_info    0x000082de      0x99a ./Drivers/STM32F4xx_HAL_Driver/Src/stm32f4xx_hal.o
 .debug_info    0x00008c78      0xdaa ./Drivers/STM32F4xx_HAL_Driver/Src/stm32f4xx_hal_cortex.o
 .debug_info    0x00009a22      0x8e7 ./Drivers/STM32F4xx_HAL_Driver/Src/stm32f4xx_hal_dma.o
 .debug_info    0x0000a309      0x70b ./Drivers/STM32F4xx_HAL_Driver/Src/stm32f4xx_hal_gpio.o
 .debug_info    0x0000aa14      0x8eb ./Drivers/STM32F4xx_HAL_Driver/Src/stm32f4xx_hal_rcc.o
 .debug_info    0x0000b2ff      0x956 ./Drivers/STM32F4xx_HAL_Driver/Src/stm32f4xx_hal_rcc_ex.o
 .debug_info    0x0000bc55     0x299d ./Drivers/STM32F4xx_HAL_Driver/Src/stm32f4xx_hal_tim.o
 .debug_info    0x0000e5f2     0x14db ./Drivers/STM32F4xx_HAL_Driver/Src/stm32f4xx_hal_tim_ex.o
 .debug_info    0x0000facd     0x2f4f ./Drivers/STM32F4xx_HAL_Driver/Src/stm32f4xx_hal_uart.o

.debug_abbrev   0x00000000     0x2906
 .debug_abbrev  0x00000000      0x278 ./Core/Src/BNO085.o
 .debug_abbrev  0x00000278      0x22c ./Core/Src/Encoder.o
 .debug_abbrev  0x000004a4      0x5bd ./Core/Src/main.o
 .debug_abbrev  0x00000a61      0x3a1 ./Core/Src/odometry.o
 .debug_abbrev  0x00000e02      0x22a ./Core/Src/stm32f4xx_hal_msp.o
 .debug_abbrev  0x0000102c      0x169 ./Core/Src/stm32f4xx_it.o
 .debug_abbrev  0x00001195      0x11a ./Core/Src/system_stm32f4xx.o
 .debug_abbrev  0x000012af       0x24 ./Core/Startup/startup_stm32f446retx.o
 .debug_abbrev  0x000012d3      0x214 ./Drivers/STM32F4xx_HAL_Driver/Src/stm32f4xx_hal.o
 .debug_abbrev  0x000014e7      0x31d ./Drivers/STM32F4xx_HAL_Driver/Src/stm32f4xx_hal_cortex.o
 .debug_abbrev  0x00001804      0x264 ./Drivers/STM32F4xx_HAL_Driver/Src/stm32f4xx_hal_dma.o
 .debug_abbrev  0x00001a68      0x1d4 ./Drivers/STM32F4xx_HAL_Driver/Src/stm32f4xx_hal_gpio.o
 .debug_abbrev  0x00001c3c      0x2b7 ./Drivers/STM32F4xx_HAL_Driver/Src/stm32f4xx_hal_rcc.o
 .debug_abbrev  0x00001ef3      0x20a ./Drivers/STM32F4xx_HAL_Driver/Src/stm32f4xx_hal_rcc_ex.o
 .debug_abbrev  0x000020fd      0x278 ./Drivers/STM32F4xx_HAL_Driver/Src/stm32f4xx_hal_tim.o
 .debug_abbrev  0x00002375      0x283 ./Drivers/STM32F4xx_HAL_Driver/Src/stm32f4xx_hal_tim_ex.o
 .debug_abbrev  0x000025f8      0x30e ./Drivers/STM32F4xx_HAL_Driver/Src/stm32f4xx_hal_uart.o

.debug_aranges  0x00000000      0xd70
 .debug_aranges
                0x00000000       0x28 ./Core/Src/BNO085.o
 .debug_aranges
                0x00000028       0x30 ./Core/Src/Encoder.o
 .debug_aranges
                0x00000058       0x80 ./Core/Src/main.o
 .debug_aranges
                0x000000d8       0x58 ./Core/Src/odometry.o
 .debug_aranges
                0x00000130       0x40 ./Core/Src/stm32f4xx_hal_msp.o
 .debug_aranges
                0x00000170       0x68 ./Core/Src/stm32f4xx_it.o
 .debug_aranges
                0x000001d8       0x28 ./Core/Src/system_stm32f4xx.o
 .debug_aranges
                0x00000200       0x28 ./Core/Startup/startup_stm32f446retx.o
 .debug_aranges
                0x00000228       0xf0 ./Drivers/STM32F4xx_HAL_Driver/Src/stm32f4xx_hal.o
 .debug_aranges
                0x00000318      0x130 ./Drivers/STM32F4xx_HAL_Driver/Src/stm32f4xx_hal_cortex.o
 .debug_aranges
                0x00000448       0x90 ./Drivers/STM32F4xx_HAL_Driver/Src/stm32f4xx_hal_dma.o
 .debug_aranges
                0x000004d8       0x58 ./Drivers/STM32F4xx_HAL_Driver/Src/stm32f4xx_hal_gpio.o
 .debug_aranges
                0x00000530       0x88 ./Drivers/STM32F4xx_HAL_Driver/Src/stm32f4xx_hal_rcc.o
 .debug_aranges
                0x000005b8       0x78 ./Drivers/STM32F4xx_HAL_Driver/Src/stm32f4xx_hal_rcc_ex.o
 .debug_aranges
                0x00000630      0x3d0 ./Drivers/STM32F4xx_HAL_Driver/Src/stm32f4xx_hal_tim.o
 .debug_aranges
                0x00000a00      0x168 ./Drivers/STM32F4xx_HAL_Driver/Src/stm32f4xx_hal_tim_ex.o
 .debug_aranges
                0x00000b68      0x208 ./Drivers/STM32F4xx_HAL_Driver/Src/stm32f4xx_hal_uart.o

.debug_rnglists
                0x00000000      0xa7e
 .debug_rnglists
                0x00000000       0x1a ./Core/Src/BNO085.o
 .debug_rnglists
                0x0000001a       0x1f ./Core/Src/Encoder.o
 .debug_rnglists
                0x00000039       0x60 ./Core/Src/main.o
 .debug_rnglists
                0x00000099       0x3f ./Core/Src/odometry.o
 .debug_rnglists
                0x000000d8       0x2d ./Core/Src/stm32f4xx_hal_msp.o
 .debug_rnglists
                0x00000105       0x49 ./Core/Src/stm32f4xx_it.o
 .debug_rnglists
                0x0000014e       0x1a ./Core/Src/system_stm32f4xx.o
 .debug_rnglists
                0x00000168       0x19 ./Core/Startup/startup_stm32f446retx.o
 .debug_rnglists
                0x00000181       0xaf ./Drivers/STM32F4xx_HAL_Driver/Src/stm32f4xx_hal.o
 .debug_rnglists
                0x00000230       0xe0 ./Drivers/STM32F4xx_HAL_Driver/Src/stm32f4xx_hal_cortex.o
 .debug_rnglists
                0x00000310       0x70 ./Drivers/STM32F4xx_HAL_Driver/Src/stm32f4xx_hal_dma.o
 .debug_rnglists
                0x00000380       0x3f ./Drivers/STM32F4xx_HAL_Driver/Src/stm32f4xx_hal_gpio.o
 .debug_rnglists
                0x000003bf       0x66 ./Drivers/STM32F4xx_HAL_Driver/Src/stm32f4xx_hal_rcc.o
 .debug_rnglists
                0x00000425       0x5e ./Drivers/STM32F4xx_HAL_Driver/Src/stm32f4xx_hal_rcc_ex.o
 .debug_rnglists
                0x00000483      0x31a ./Drivers/STM32F4xx_HAL_Driver/Src/stm32f4xx_hal_tim.o
 .debug_rnglists
                0x0000079d      0x125 ./Drivers/STM32F4xx_HAL_Driver/Src/stm32f4xx_hal_tim_ex.o
 .debug_rnglists
                0x000008c2      0x1bc ./Drivers/STM32F4xx_HAL_Driver/Src/stm32f4xx_hal_uart.o

.debug_macro    0x00000000    0x24fd5
 .debug_macro   0x00000000      0x1dc ./Core/Src/BNO085.o
 .debug_macro   0x000001dc      0xb8c ./Core/Src/BNO085.o
 .debug_macro   0x00000d68       0x16 ./Core/Src/BNO085.o
 .debug_macro   0x00000d7e      0x29b ./Core/Src/BNO085.o
 .debug_macro   0x00001019       0x2e ./Core/Src/BNO085.o
 .debug_macro   0x00001047       0x28 ./Core/Src/BNO085.o
 .debug_macro   0x0000106f       0x1c ./Core/Src/BNO085.o
 .debug_macro   0x0000108b       0x22 ./Core/Src/BNO085.o
 .debug_macro   0x000010ad       0x8e ./Core/Src/BNO085.o
 .debug_macro   0x0000113b       0x51 ./Core/Src/BNO085.o
 .debug_macro   0x0000118c      0x103 ./Core/Src/BNO085.o
 .debug_macro   0x0000128f       0x6a ./Core/Src/BNO085.o
 .debug_macro   0x000012f9      0x1df ./Core/Src/BNO085.o
 .debug_macro   0x000014d8       0x1c ./Core/Src/BNO085.o
 .debug_macro   0x000014f4       0x22 ./Core/Src/BNO085.o
 .debug_macro   0x00001516       0xfb ./Core/Src/BNO085.o
 .debug_macro   0x00001611     0x1011 ./Core/Src/BNO085.o
 .debug_macro   0x00002622      0x11f ./Core/Src/BNO085.o
 .debug_macro   0x00002741    0x16749 ./Core/Src/BNO085.o
 .debug_macro   0x00018e8a       0x6d ./Core/Src/BNO085.o
 .debug_macro   0x00018ef7     0x369a ./Core/Src/BNO085.o
 .debug_macro   0x0001c591      0x190 ./Core/Src/BNO085.o
 .debug_macro   0x0001c721       0x5c ./Core/Src/BNO085.o
 .debug_macro   0x0001c77d      0xca5 ./Core/Src/BNO085.o
 .debug_macro   0x0001d422      0x9e9 ./Core/Src/BNO085.o
 .debug_macro   0x0001de0b      0x115 ./Core/Src/BNO085.o
 .debug_macro   0x0001df20      0x1a0 ./Core/Src/BNO085.o
 .debug_macro   0x0001e0c0       0xa5 ./Core/Src/BNO085.o
 .debug_macro   0x0001e165      0x16d ./Core/Src/BNO085.o
 .debug_macro   0x0001e2d2      0x287 ./Core/Src/BNO085.o
 .debug_macro   0x0001e559       0x5f ./Core/Src/BNO085.o
 .debug_macro   0x0001e5b8      0x236 ./Core/Src/BNO085.o
 .debug_macro   0x0001e7ee      0x132 ./Core/Src/BNO085.o
 .debug_macro   0x0001e920      0x29c ./Core/Src/BNO085.o
 .debug_macro   0x0001ebbc       0x2e ./Core/Src/BNO085.o
 .debug_macro   0x0001ebea      0x127 ./Core/Src/BNO085.o
 .debug_macro   0x0001ed11       0xe8 ./Core/Src/BNO085.o
 .debug_macro   0x0001edf9       0x89 ./Core/Src/BNO085.o
 .debug_macro   0x0001ee82      0x8ed ./Core/Src/BNO085.o
 .debug_macro   0x0001f76f       0x53 ./Core/Src/BNO085.o
 .debug_macro   0x0001f7c2      0x2aa ./Core/Src/BNO085.o
 .debug_macro   0x0001fa6c      0x126 ./Core/Src/BNO085.o
 .debug_macro   0x0001fb92      0x1eb ./Core/Src/Encoder.o
 .debug_macro   0x0001fd7d      0x3c6 ./Core/Src/main.o
 .debug_macro   0x00020143      0x1d6 ./Core/Src/main.o
 .debug_macro   0x00020319       0x10 ./Core/Src/main.o
 .debug_macro   0x00020329      0x417 ./Core/Src/main.o
 .debug_macro   0x00020740       0x61 ./Core/Src/main.o
 .debug_macro   0x000207a1       0x2a ./Core/Src/main.o
 .debug_macro   0x000207cb       0x43 ./Core/Src/main.o
 .debug_macro   0x0002080e       0x34 ./Core/Src/main.o
 .debug_macro   0x00020842       0x16 ./Core/Src/main.o
 .debug_macro   0x00020858       0x35 ./Core/Src/main.o
 .debug_macro   0x0002088d      0x38c ./Core/Src/main.o
 .debug_macro   0x00020c19       0x10 ./Core/Src/main.o
 .debug_macro   0x00020c29       0x16 ./Core/Src/main.o
 .debug_macro   0x00020c3f       0x43 ./Core/Src/main.o
 .debug_macro   0x00020c82       0x34 ./Core/Src/main.o
 .debug_macro   0x00020cb6       0x10 ./Core/Src/main.o
 .debug_macro   0x00020cc6       0x58 ./Core/Src/main.o
 .debug_macro   0x00020d1e       0x8e ./Core/Src/main.o
 .debug_macro   0x00020dac       0x16 ./Core/Src/main.o
 .debug_macro   0x00020dc2      0x177 ./Core/Src/main.o
 .debug_macro   0x00020f39       0x16 ./Core/Src/main.o
 .debug_macro   0x00020f4f       0x16 ./Core/Src/main.o
 .debug_macro   0x00020f65      0x138 ./Core/Src/main.o
 .debug_macro   0x0002109d      0x11d ./Core/Src/main.o
 .debug_macro   0x000211ba       0x16 ./Core/Src/main.o
 .debug_macro   0x000211d0       0x20 ./Core/Src/main.o
 .debug_macro   0x000211f0       0x8e ./Core/Src/main.o
 .debug_macro   0x0002127e       0x18 ./Core/Src/main.o
 .debug_macro   0x00021296      0x194 ./Core/Src/main.o
 .debug_macro   0x0002142a       0x10 ./Core/Src/main.o
 .debug_macro   0x0002143a       0x16 ./Core/Src/main.o
 .debug_macro   0x00021450       0x16 ./Core/Src/main.o
 .debug_macro   0x00021466       0x29 ./Core/Src/main.o
 .debug_macro   0x0002148f       0x10 ./Core/Src/main.o
 .debug_macro   0x0002149f      0x3c7 ./Core/Src/main.o
 .debug_macro   0x00021866      0x32d ./Core/Src/odometry.o
 .debug_macro   0x00021b93       0x5b ./Core/Src/odometry.o
 .debug_macro   0x00021bee       0x94 ./Core/Src/odometry.o
 .debug_macro   0x00021c82       0x57 ./Core/Src/odometry.o
 .debug_macro   0x00021cd9       0x56 ./Core/Src/odometry.o
 .debug_macro   0x00021d2f      0x1d8 ./Core/Src/stm32f4xx_hal_msp.o
 .debug_macro   0x00021f07      0xab4 ./Core/Src/stm32f4xx_hal_msp.o
 .debug_macro   0x000229bb     0x1011 ./Core/Src/stm32f4xx_hal_msp.o
 .debug_macro   0x000239cc      0x189 ./Core/Src/stm32f4xx_hal_msp.o
 .debug_macro   0x00023b55      0x1e2 ./Core/Src/stm32f4xx_it.o
 .debug_macro   0x00023d37      0x1ce ./Core/Src/system_stm32f4xx.o
 .debug_macro   0x00023f05      0x22e ./Drivers/STM32F4xx_HAL_Driver/Src/stm32f4xx_hal.o
 .debug_macro   0x00024133      0x1ce ./Drivers/STM32F4xx_HAL_Driver/Src/stm32f4xx_hal_cortex.o
 .debug_macro   0x00024301      0x1d4 ./Drivers/STM32F4xx_HAL_Driver/Src/stm32f4xx_hal_dma.o
 .debug_macro   0x000244d5      0x1d4 ./Drivers/STM32F4xx_HAL_Driver/Src/stm32f4xx_hal_gpio.o
 .debug_macro   0x000246a9      0x1f2 ./Drivers/STM32F4xx_HAL_Driver/Src/stm32f4xx_hal_rcc.o
 .debug_macro   0x0002489b      0x1ce ./Drivers/STM32F4xx_HAL_Driver/Src/stm32f4xx_hal_rcc_ex.o
 .debug_macro   0x00024a69      0x1cf ./Drivers/STM32F4xx_HAL_Driver/Src/stm32f4xx_hal_tim.o
 .debug_macro   0x00024c38      0x1ce ./Drivers/STM32F4xx_HAL_Driver/Src/stm32f4xx_hal_tim_ex.o
 .debug_macro   0x00024e06      0x1cf ./Drivers/STM32F4xx_HAL_Driver/Src/stm32f4xx_hal_uart.o

.debug_line     0x00000000    0x1196a
 .debug_line    0x00000000      0x868 ./Core/Src/BNO085.o
 .debug_line    0x00000868      0x7bb ./Core/Src/Encoder.o
 .debug_line    0x00001023     0x112c ./Core/Src/main.o
 .debug_line    0x0000214f      0xf37 ./Core/Src/odometry.o
 .debug_line    0x00003086      0x873 ./Core/Src/stm32f4xx_hal_msp.o
 .debug_line    0x000038f9      0x829 ./Core/Src/stm32f4xx_it.o
 .debug_line    0x00004122      0x7d3 ./Core/Src/system_stm32f4xx.o
 .debug_line    0x000048f5       0x7a ./Core/Startup/startup_stm32f446retx.o
 .debug_line    0x0000496f      0xa3c ./Drivers/STM32F4xx_HAL_Driver/Src/stm32f4xx_hal.o
 .debug_line    0x000053ab      0xd2e ./Drivers/STM32F4xx_HAL_Driver/Src/stm32f4xx_hal_cortex.o
 .debug_line    0x000060d9      0xfac ./Drivers/STM32F4xx_HAL_Driver/Src/stm32f4xx_hal_dma.o
 .debug_line    0x00007085      0xbb4 ./Drivers/STM32F4xx_HAL_Driver/Src/stm32f4xx_hal_gpio.o
 .debug_line    0x00007c39      0xdd1 ./Drivers/STM32F4xx_HAL_Driver/Src/stm32f4xx_hal_rcc.o
 .debug_line    0x00008a0a     0x1440 ./Drivers/STM32F4xx_HAL_Driver/Src/stm32f4xx_hal_rcc_ex.o
 .debug_line    0x00009e4a     0x37e0 ./Drivers/STM32F4xx_HAL_Driver/Src/stm32f4xx_hal_tim.o
 .debug_line    0x0000d62a     0x1a32 ./Drivers/STM32F4xx_HAL_Driver/Src/stm32f4xx_hal_tim_ex.o
 .debug_line    0x0000f05c     0x290e ./Drivers/STM32F4xx_HAL_Driver/Src/stm32f4xx_hal_uart.o

.debug_str      0x00000000    0xd4a5a
 .debug_str     0x00000000    0xc9cf7 ./Core/Src/BNO085.o
                              0xca09d (size before relaxing)
 .debug_str     0x000c9cf7      0x3af ./Core/Src/Encoder.o
                              0xca1ca (size before relaxing)
 .debug_str     0x000ca0a6     0x79df ./Core/Src/main.o
                              0xd21c8 (size before relaxing)
 .debug_str     0x000d1a85       0x51 ./Core/Src/odometry.o
                              0xd055c (size before relaxing)
 .debug_str     0x000d1ad6      0x2b5 ./Core/Src/stm32f4xx_hal_msp.o
                              0xc9f77 (size before relaxing)
 .debug_str     0x000d1d8b       0xf4 ./Core/Src/stm32f4xx_it.o
                              0xc98ce (size before relaxing)
 .debug_str     0x000d1e7f       0xdb ./Core/Src/system_stm32f4xx.o
                              0xc9783 (size before relaxing)
 .debug_str     0x000d1f5a       0x44 ./Core/Startup/startup_stm32f446retx.o
                                 0x7b (size before relaxing)
 .debug_str     0x000d1f9e      0x5b3 ./Drivers/STM32F4xx_HAL_Driver/Src/stm32f4xx_hal.o
                              0xca348 (size before relaxing)
 .debug_str     0x000d2551      0x370 ./Drivers/STM32F4xx_HAL_Driver/Src/stm32f4xx_hal_cortex.o
                              0xca09f (size before relaxing)
 .debug_str     0x000d28c1      0x2ee ./Drivers/STM32F4xx_HAL_Driver/Src/stm32f4xx_hal_dma.o
                              0xc9b78 (size before relaxing)
 .debug_str     0x000d2baf      0x121 ./Drivers/STM32F4xx_HAL_Driver/Src/stm32f4xx_hal_gpio.o
                              0xc98fe (size before relaxing)
 .debug_str     0x000d2cd0      0x228 ./Drivers/STM32F4xx_HAL_Driver/Src/stm32f4xx_hal_rcc.o
                              0xc9bbc (size before relaxing)
 .debug_str     0x000d2ef8      0x324 ./Drivers/STM32F4xx_HAL_Driver/Src/stm32f4xx_hal_rcc_ex.o
                              0xc9bef (size before relaxing)
 .debug_str     0x000d321c      0xdbe ./Drivers/STM32F4xx_HAL_Driver/Src/stm32f4xx_hal_tim.o
                              0xcaae8 (size before relaxing)
 .debug_str     0x000d3fda      0x493 ./Drivers/STM32F4xx_HAL_Driver/Src/stm32f4xx_hal_tim_ex.o
                              0xca2f4 (size before relaxing)
 .debug_str     0x000d446d      0x5ed ./Drivers/STM32F4xx_HAL_Driver/Src/stm32f4xx_hal_uart.o
                              0xca173 (size before relaxing)

.comment        0x00000000       0x43
 .comment       0x00000000       0x43 ./Core/Src/BNO085.o
                                 0x44 (size before relaxing)
 .comment       0x00000043       0x44 ./Core/Src/Encoder.o
 .comment       0x00000043       0x44 ./Core/Src/main.o
 .comment       0x00000043       0x44 ./Core/Src/odometry.o
 .comment       0x00000043       0x44 ./Core/Src/stm32f4xx_hal_msp.o
 .comment       0x00000043       0x44 ./Core/Src/stm32f4xx_it.o
 .comment       0x00000043       0x44 ./Core/Src/system_stm32f4xx.o
 .comment       0x00000043       0x44 ./Drivers/STM32F4xx_HAL_Driver/Src/stm32f4xx_hal.o
 .comment       0x00000043       0x44 ./Drivers/STM32F4xx_HAL_Driver/Src/stm32f4xx_hal_cortex.o
 .comment       0x00000043       0x44 ./Drivers/STM32F4xx_HAL_Driver/Src/stm32f4xx_hal_dma.o
 .comment       0x00000043       0x44 ./Drivers/STM32F4xx_HAL_Driver/Src/stm32f4xx_hal_gpio.o
 .comment       0x00000043       0x44 ./Drivers/STM32F4xx_HAL_Driver/Src/stm32f4xx_hal_rcc.o
 .comment       0x00000043       0x44 ./Drivers/STM32F4xx_HAL_Driver/Src/stm32f4xx_hal_rcc_ex.o
 .comment       0x00000043       0x44 ./Drivers/STM32F4xx_HAL_Driver/Src/stm32f4xx_hal_tim.o
 .comment       0x00000043       0x44 ./Drivers/STM32F4xx_HAL_Driver/Src/stm32f4xx_hal_tim_ex.o
 .comment       0x00000043       0x44 ./Drivers/STM32F4xx_HAL_Driver/Src/stm32f4xx_hal_uart.o

.debug_frame    0x00000000     0x3b58
 .debug_frame   0x00000000       0x5c ./Core/Src/BNO085.o
 .debug_frame   0x0000005c       0x84 ./Core/Src/Encoder.o
 .debug_frame   0x000000e0      0x1c0 ./Core/Src/main.o
 .debug_frame   0x000002a0      0x154 ./Core/Src/odometry.o
 .debug_frame   0x000003f4       0xc8 ./Core/Src/stm32f4xx_hal_msp.o
 .debug_frame   0x000004bc      0x120 ./Core/Src/stm32f4xx_it.o
 .debug_frame   0x000005dc       0x58 ./Core/Src/system_stm32f4xx.o
 .debug_frame   0x00000634      0x374 ./Drivers/STM32F4xx_HAL_Driver/Src/stm32f4xx_hal.o
 .debug_frame   0x000009a8      0x508 ./Drivers/STM32F4xx_HAL_Driver/Src/stm32f4xx_hal_cortex.o
 .debug_frame   0x00000eb0      0x250 ./Drivers/STM32F4xx_HAL_Driver/Src/stm32f4xx_hal_dma.o
 .debug_frame   0x00001100      0x14c ./Drivers/STM32F4xx_HAL_Driver/Src/stm32f4xx_hal_gpio.o
 .debug_frame   0x0000124c      0x1f4 ./Drivers/STM32F4xx_HAL_Driver/Src/stm32f4xx_hal_rcc.o
 .debug_frame   0x00001440      0x1e8 ./Drivers/STM32F4xx_HAL_Driver/Src/stm32f4xx_hal_rcc_ex.o
 .debug_frame   0x00001628     0x11c0 ./Drivers/STM32F4xx_HAL_Driver/Src/stm32f4xx_hal_tim.o
 .debug_frame   0x000027e8      0x638 ./Drivers/STM32F4xx_HAL_Driver/Src/stm32f4xx_hal_tim_ex.o
 .debug_frame   0x00002e20      0x954 ./Drivers/STM32F4xx_HAL_Driver/Src/stm32f4xx_hal_uart.o
 .debug_frame   0x00003774       0x38 C:/ST/STM32CubeIDE_1.16.1/STM32CubeIDE/plugins/com.st.stm32cube.ide.mcu.externaltools.gnu-tools-for-stm32.12.3.rel1.win32_1.0.200.202406191623/tools/bin/../lib/gcc/arm-none-eabi/12.3.1/../../../../arm-none-eabi/lib/thumb/v7e-m+fp/hard\libm.a(libm_a-sf_cos.o)
 .debug_frame   0x000037ac       0x38 C:/ST/STM32CubeIDE_1.16.1/STM32CubeIDE/plugins/com.st.stm32cube.ide.mcu.externaltools.gnu-tools-for-stm32.12.3.rel1.win32_1.0.200.202406191623/tools/bin/../lib/gcc/arm-none-eabi/12.3.1/../../../../arm-none-eabi/lib/thumb/v7e-m+fp/hard\libm.a(libm_a-sf_sin.o)
 .debug_frame   0x000037e4       0x20 C:/ST/STM32CubeIDE_1.16.1/STM32CubeIDE/plugins/com.st.stm32cube.ide.mcu.externaltools.gnu-tools-for-stm32.12.3.rel1.win32_1.0.200.202406191623/tools/bin/../lib/gcc/arm-none-eabi/12.3.1/../../../../arm-none-eabi/lib/thumb/v7e-m+fp/hard\libm.a(libm_a-kf_cos.o)
 .debug_frame   0x00003804       0x20 C:/ST/STM32CubeIDE_1.16.1/STM32CubeIDE/plugins/com.st.stm32cube.ide.mcu.externaltools.gnu-tools-for-stm32.12.3.rel1.win32_1.0.200.202406191623/tools/bin/../lib/gcc/arm-none-eabi/12.3.1/../../../../arm-none-eabi/lib/thumb/v7e-m+fp/hard\libm.a(libm_a-kf_sin.o)
 .debug_frame   0x00003824       0x38 C:/ST/STM32CubeIDE_1.16.1/STM32CubeIDE/plugins/com.st.stm32cube.ide.mcu.externaltools.gnu-tools-for-stm32.12.3.rel1.win32_1.0.200.202406191623/tools/bin/../lib/gcc/arm-none-eabi/12.3.1/../../../../arm-none-eabi/lib/thumb/v7e-m+fp/hard\libm.a(libm_a-ef_rem_pio2.o)
 .debug_frame   0x0000385c       0x20 C:/ST/STM32CubeIDE_1.16.1/STM32CubeIDE/plugins/com.st.stm32cube.ide.mcu.externaltools.gnu-tools-for-stm32.12.3.rel1.win32_1.0.200.202406191623/tools/bin/../lib/gcc/arm-none-eabi/12.3.1/../../../../arm-none-eabi/lib/thumb/v7e-m+fp/hard\libm.a(libm_a-sf_fabs.o)
 .debug_frame   0x0000387c       0x5c C:/ST/STM32CubeIDE_1.16.1/STM32CubeIDE/plugins/com.st.stm32cube.ide.mcu.externaltools.gnu-tools-for-stm32.12.3.rel1.win32_1.0.200.202406191623/tools/bin/../lib/gcc/arm-none-eabi/12.3.1/../../../../arm-none-eabi/lib/thumb/v7e-m+fp/hard\libm.a(libm_a-kf_rem_pio2.o)
 .debug_frame   0x000038d8       0x20 C:/ST/STM32CubeIDE_1.16.1/STM32CubeIDE/plugins/com.st.stm32cube.ide.mcu.externaltools.gnu-tools-for-stm32.12.3.rel1.win32_1.0.200.202406191623/tools/bin/../lib/gcc/arm-none-eabi/12.3.1/../../../../arm-none-eabi/lib/thumb/v7e-m+fp/hard\libm.a(libm_a-sf_scalbn.o)
 .debug_frame   0x000038f8       0x20 C:/ST/STM32CubeIDE_1.16.1/STM32CubeIDE/plugins/com.st.stm32cube.ide.mcu.externaltools.gnu-tools-for-stm32.12.3.rel1.win32_1.0.200.202406191623/tools/bin/../lib/gcc/arm-none-eabi/12.3.1/../../../../arm-none-eabi/lib/thumb/v7e-m+fp/hard\libm.a(libm_a-sf_floor.o)
 .debug_frame   0x00003918       0x20 C:/ST/STM32CubeIDE_1.16.1/STM32CubeIDE/plugins/com.st.stm32cube.ide.mcu.externaltools.gnu-tools-for-stm32.12.3.rel1.win32_1.0.200.202406191623/tools/bin/../lib/gcc/arm-none-eabi/12.3.1/../../../../arm-none-eabi/lib/thumb/v7e-m+fp/hard\libc_nano.a(libc_a-memset.o)
 .debug_frame   0x00003938       0x2c C:/ST/STM32CubeIDE_1.16.1/STM32CubeIDE/plugins/com.st.stm32cube.ide.mcu.externaltools.gnu-tools-for-stm32.12.3.rel1.win32_1.0.200.202406191623/tools/bin/../lib/gcc/arm-none-eabi/12.3.1/../../../../arm-none-eabi/lib/thumb/v7e-m+fp/hard\libc_nano.a(libc_a-init.o)
 .debug_frame   0x00003964       0x28 C:/ST/STM32CubeIDE_1.16.1/STM32CubeIDE/plugins/com.st.stm32cube.ide.mcu.externaltools.gnu-tools-for-stm32.12.3.rel1.win32_1.0.200.202406191623/tools/bin/../lib/gcc/arm-none-eabi/12.3.1/../../../../arm-none-eabi/lib/thumb/v7e-m+fp/hard\libc_nano.a(libc_a-memcpy-stub.o)
 .debug_frame   0x0000398c       0xac C:/ST/STM32CubeIDE_1.16.1/STM32CubeIDE/plugins/com.st.stm32cube.ide.mcu.externaltools.gnu-tools-for-stm32.12.3.rel1.win32_1.0.200.202406191623/tools/bin/../lib/gcc/arm-none-eabi/12.3.1/thumb/v7e-m+fp/hard\libgcc.a(_arm_addsubdf3.o)
 .debug_frame   0x00003a38       0x50 C:/ST/STM32CubeIDE_1.16.1/STM32CubeIDE/plugins/com.st.stm32cube.ide.mcu.externaltools.gnu-tools-for-stm32.12.3.rel1.win32_1.0.200.202406191623/tools/bin/../lib/gcc/arm-none-eabi/12.3.1/thumb/v7e-m+fp/hard\libgcc.a(_arm_muldivdf3.o)
 .debug_frame   0x00003a88       0x24 C:/ST/STM32CubeIDE_1.16.1/STM32CubeIDE/plugins/com.st.stm32cube.ide.mcu.externaltools.gnu-tools-for-stm32.12.3.rel1.win32_1.0.200.202406191623/tools/bin/../lib/gcc/arm-none-eabi/12.3.1/thumb/v7e-m+fp/hard\libgcc.a(_arm_truncdfsf2.o)
 .debug_frame   0x00003aac       0x4c C:/ST/STM32CubeIDE_1.16.1/STM32CubeIDE/plugins/com.st.stm32cube.ide.mcu.externaltools.gnu-tools-for-stm32.12.3.rel1.win32_1.0.200.202406191623/tools/bin/../lib/gcc/arm-none-eabi/12.3.1/thumb/v7e-m+fp/hard\libgcc.a(_arm_addsubsf3.o)
 .debug_frame   0x00003af8       0x2c C:/ST/STM32CubeIDE_1.16.1/STM32CubeIDE/plugins/com.st.stm32cube.ide.mcu.externaltools.gnu-tools-for-stm32.12.3.rel1.win32_1.0.200.202406191623/tools/bin/../lib/gcc/arm-none-eabi/12.3.1/thumb/v7e-m+fp/hard\libgcc.a(_aeabi_uldivmod.o)
 .debug_frame   0x00003b24       0x34 C:/ST/STM32CubeIDE_1.16.1/STM32CubeIDE/plugins/com.st.stm32cube.ide.mcu.externaltools.gnu-tools-for-stm32.12.3.rel1.win32_1.0.200.202406191623/tools/bin/../lib/gcc/arm-none-eabi/12.3.1/thumb/v7e-m+fp/hard\libgcc.a(_udivmoddi4.o)

.debug_line_str
                0x00000000       0x5f
 .debug_line_str
                0x00000000       0x5f ./Core/Startup/startup_stm32f446retx.o
