../Core/Src/main.cpp:77:5:int main()	8	static
../Core/Src/main.cpp:130:6:void SystemClock_Config()	72	static
../Core/Src/main.cpp:170:13:void MX_TIM1_Init()	96	static
../Core/Src/main.cpp:253:13:void MX_USART3_UART_Init()	8	static
../Core/Src/main.cpp:286:13:void MX_GPIO_Init()	40	static
../Core/Src/main.cpp:329:6:void Error_Handler()	4	static,ignoring_inline_asm
../Core/Src/main.cpp:338:1:void __static_initialization_and_destruction_0(int, int)	24	static
../Core/Src/main.cpp:338:1:cpp)	8	static
