../Core/Src/main.cpp:74:6:void byte_to_bools(unsigned char, bool*)	24	static
../Core/Src/main.cpp:91:5:int main()	24	static
../Core/Src/main.cpp:185:6:void SystemClock_Config()	72	static
../Core/Src/main.cpp:225:13:void MX_TIM1_Init()	96	static
../Core/Src/main.cpp:308:13:void MX_USART3_UART_Init()	8	static
../Core/Src/main.cpp:341:13:void MX_GPIO_Init()	40	static
../Core/Src/main.cpp:385:6:void Error_Handler()	4	static,ignoring_inline_asm
../Core/Src/main.cpp:394:1:void __static_initialization_and_destruction_0(int, int)	24	static
../Core/Src/main.cpp:394:1:cpp)	8	static
