../Core/Src/main.cpp:84:5:int main()	24	static
../Core/Src/main.cpp:210:6:void SystemClock_Config()	72	static
../Core/Src/main.cpp:250:13:void MX_TIM1_Init()	96	static
../Core/Src/main.cpp:333:13:void MX_USART3_UART_Init()	8	static
../Core/Src/main.cpp:366:13:void MX_GPIO_Init()	40	static
../Core/Src/main.cpp:420:6:void Error_Handler()	4	static,ignoring_inline_asm
../Core/Src/main.cpp:429:1:void __static_initialization_and_destruction_0(int, int)	24	static
../Core/Src/main.cpp:429:1:cpp)	8	static
