../Core/Src/main.cpp:82:5:int main()	8	static
../Core/Src/main.cpp:132:6:void SystemClock_Config()	72	static
../Core/Src/main.cpp:169:13:void MX_TIM1_Init()	96	static
../Core/Src/main.cpp:252:13:void MX_USART3_UART_Init()	8	static
../Core/Src/main.cpp:285:13:void MX_GPIO_Init()	40	static
../Core/Src/main.cpp:328:6:void Error_Handler()	4	static,ignoring_inline_asm
../Core/Src/main.cpp:337:1:void __static_initialization_and_destruction_0(int, int)	24	static
../Core/Src/main.cpp:337:1:cpp)	8	static
