../Core/Src/main.cpp:90:5:int main()	160	static
../Core/Src/main.cpp:156:6:void SystemClock_Config()	72	static
../Core/Src/main.cpp:196:13:void MX_TIM1_Init()	56	static
../Core/Src/main.cpp:246:13:void MX_TIM3_Init()	56	static
../Core/Src/main.cpp:295:13:void MX_USART2_UART_Init()	8	static
../Core/Src/main.cpp:328:13:void MX_USART3_UART_Init()	8	static
../Core/Src/main.cpp:361:13:void MX_GPIO_Init()	24	static
../Core/Src/main.cpp:383:6:void Error_Handler()	4	static,ignoring_inline_asm
../Core/Src/main.cpp:392:1:void __static_initialization_and_destruction_0(int, int)	48	static
../Core/Src/main.cpp:392:1:cpp)	8	static
